2025-12-10 01:28:42 - root - INFO - Система логирования инициализирована
2025-12-10 01:28:49 - data_manager - INFO - Загрузка данных из /Users/nayeon/Documents/GitHub/DataPulse/sales_data_40_days.csv
2025-12-10 01:28:49 - data_manager - INFO - Успешно загружено 40 записей
2025-12-10 01:28:49 - data_manager - INFO - Начало обработки данных
2025-12-10 01:28:49 - data_manager - INFO - Валидация данных пройдена успешно
2025-12-10 01:28:49 - data_manager - INFO - Обработка завершена. Итоговых записей: 40
2025-12-10 01:28:52 - __main__ - INFO - ==================================================
2025-12-10 01:28:52 - __main__ - INFO - НАЧАЛО ПРОГНОЗИРОВАНИЯ
2025-12-10 01:28:52 - __main__ - INFO - Размер обучающих данных: 40
2025-12-10 01:28:52 - __main__ - INFO - Диапазон дат: 2024-01-01 00:00:00 - 2024-02-09 00:00:00
2025-12-10 01:28:52 - __main__ - INFO - Диапазон продаж: 853 - 1630
2025-12-10 01:28:52 - __main__ - INFO - Средние продажи: 1248
2025-12-10 01:28:52 - __main__ - INFO - Медиана продаж: 1248
2025-12-10 01:28:52 - __main__ - INFO - Последние 7 дней: 1429 в среднем
2025-12-10 01:28:52 - __main__ - INFO - Тренд последних 7 дней: 20.62%
2025-12-10 01:28:52 - ml_engine - INFO - Используются последние 23 дней для обучения
2025-12-10 01:28:52 - ml_engine - INFO - Лучший alpha: 1.0
2025-12-10 01:28:52 - ml_engine - INFO - Средняя выручка: 1429.37
2025-12-10 01:28:52 - ml_engine - INFO - MAE: 75.52 руб. (5.3%)
2025-12-10 01:28:52 - ml_engine - INFO - RMSE: 93.32 руб. (6.5%)
2025-12-10 01:28:52 - __main__ - INFO - РЕЗУЛЬТАТЫ ПРОГНОЗА:
2025-12-10 01:28:52 - __main__ - INFO - Прогнозируемые значения: ['1338', '1305', '1502', '1625', '1633', '1554', '1466']
2025-12-10 01:28:52 - __main__ - INFO - Средний прогноз: 1489
2025-12-10 01:28:52 - __main__ - INFO - Диапазон прогноза: 1305 - 1633
2025-12-10 01:28:52 - __main__ - INFO - ДЕТАЛЬНЫЙ АНАЛИЗ СОГЛАСОВАННОСТИ:
2025-12-10 01:28:52 - __main__ - INFO - История (30 дней): ср=1292, мед=1320
2025-12-10 01:28:52 - __main__ - INFO - Прогноз (7 дней):  ср=1489, мед=1502
2025-12-10 01:28:52 - __main__ - INFO - Отклонение среднего: +15.2%
2025-12-10 01:28:52 - __main__ - INFO - Отклонение медианы: +13.8%
2025-12-10 01:28:52 - __main__ - INFO - Добавлены доверительные интервалы: ±15.0%
2025-12-10 01:28:52 - __main__ - INFO - Отклонение от исторического среднего: +15.2%
2025-12-10 01:28:52 - __main__ - INFO - ПРОГНОЗИРОВАНИЕ ЗАВЕРШЕНО УСПЕШНО
2025-12-10 01:28:52 - __main__ - INFO - ==================================================
2025-12-10 01:28:55 - weasyprint - WARNING - Ignored `min-height: 100vh` at 6:21, invalid value.
2025-12-10 01:28:55 - weasyprint - WARNING - Ignored `box-shadow: 0 5px 15px rgba(0,0,0,0.08)` at 14:21, unknown property.
2025-12-10 01:28:55 - weasyprint - WARNING - Ignored `box-shadow: 0 1px 3px rgba(0,0,0,0.05)` at 34:21, unknown property.
2025-12-10 01:29:45 - root - INFO - Система логирования инициализирована
2025-12-10 01:29:52 - data_manager - INFO - Загрузка данных из /Users/nayeon/Documents/GitHub/DataPulse/sales_data_40_days.csv
2025-12-10 01:29:52 - data_manager - INFO - Успешно загружено 40 записей
2025-12-10 01:29:52 - data_manager - INFO - Начало обработки данных
2025-12-10 01:29:52 - data_manager - INFO - Валидация данных пройдена успешно
2025-12-10 01:29:52 - data_manager - INFO - Обработка завершена. Итоговых записей: 40
2025-12-10 01:29:54 - __main__ - INFO - ==================================================
2025-12-10 01:29:54 - __main__ - INFO - НАЧАЛО ПРОГНОЗИРОВАНИЯ
2025-12-10 01:29:54 - __main__ - INFO - Размер обучающих данных: 40
2025-12-10 01:29:54 - __main__ - INFO - Диапазон дат: 2024-01-01 00:00:00 - 2024-02-09 00:00:00
2025-12-10 01:29:54 - __main__ - INFO - Диапазон продаж: 853 - 1630
2025-12-10 01:29:54 - __main__ - INFO - Средние продажи: 1248
2025-12-10 01:29:54 - __main__ - INFO - Медиана продаж: 1248
2025-12-10 01:29:54 - __main__ - INFO - Последние 7 дней: 1429 в среднем
2025-12-10 01:29:54 - __main__ - INFO - Тренд последних 7 дней: 20.62%
2025-12-10 01:29:54 - ml_engine - INFO - Используются последние 23 дней для обучения
2025-12-10 01:29:54 - ml_engine - INFO - Лучший alpha: 1.0
2025-12-10 01:29:54 - ml_engine - INFO - Средняя выручка: 1429.37
2025-12-10 01:29:54 - ml_engine - INFO - MAE: 75.52 руб. (5.3%)
2025-12-10 01:29:54 - ml_engine - INFO - RMSE: 93.32 руб. (6.5%)
2025-12-10 01:29:54 - __main__ - INFO - РЕЗУЛЬТАТЫ ПРОГНОЗА:
2025-12-10 01:29:54 - __main__ - INFO - Прогнозируемые значения: ['1338', '1305', '1502', '1625', '1633', '1554', '1466']
2025-12-10 01:29:54 - __main__ - INFO - Средний прогноз: 1489
2025-12-10 01:29:54 - __main__ - INFO - Диапазон прогноза: 1305 - 1633
2025-12-10 01:29:54 - __main__ - INFO - ДЕТАЛЬНЫЙ АНАЛИЗ СОГЛАСОВАННОСТИ:
2025-12-10 01:29:54 - __main__ - INFO - История (30 дней): ср=1292, мед=1320
2025-12-10 01:29:54 - __main__ - INFO - Прогноз (7 дней):  ср=1489, мед=1502
2025-12-10 01:29:54 - __main__ - INFO - Отклонение среднего: +15.2%
2025-12-10 01:29:54 - __main__ - INFO - Отклонение медианы: +13.8%
2025-12-10 01:29:54 - __main__ - INFO - Добавлены доверительные интервалы: ±15.0%
2025-12-10 01:29:54 - __main__ - INFO - Отклонение от исторического среднего: +15.2%
2025-12-10 01:29:54 - __main__ - INFO - ПРОГНОЗИРОВАНИЕ ЗАВЕРШЕНО УСПЕШНО
2025-12-10 01:29:54 - __main__ - INFO - ==================================================
2025-12-10 01:29:57 - weasyprint - WARNING - Ignored `min-height: 100vh` at 6:21, invalid value.
2025-12-10 01:29:57 - weasyprint - WARNING - Ignored `box-shadow: 0 5px 15px rgba(0,0,0,0.08)` at 14:21, unknown property.
2025-12-10 01:29:57 - weasyprint - WARNING - Ignored `box-shadow: 0 1px 3px rgba(0,0,0,0.05)` at 34:21, unknown property.
2025-12-10 01:29:57 - fontTools.varlib.mutator - INFO - Normalized location: {'wght': 1.0}
2025-12-10 01:29:57 - fontTools.varlib.mutator - INFO - Mutating glyf/gvar tables
2025-12-10 01:29:57 - fontTools.varlib.mutator - INFO - Mutating FeatureVariations
2025-12-10 01:29:57 - fontTools.varlib.mutator - INFO - Pruning name table
2025-12-10 01:29:57 - fontTools.varlib.mutator - INFO - Removing variable tables
2025-12-10 01:29:58 - fontTools.varlib.mutator - INFO - Normalized location: {'wght': 1.0}
2025-12-10 01:29:58 - fontTools.varlib.mutator - INFO - Mutating glyf/gvar tables
2025-12-10 01:29:58 - fontTools.varlib.mutator - INFO - Mutating FeatureVariations
2025-12-10 01:29:58 - fontTools.varlib.mutator - INFO - Pruning name table
2025-12-10 01:29:58 - fontTools.varlib.mutator - INFO - Removing variable tables
2025-12-10 01:30:24 - __main__ - INFO - Отчет сохранен: /Users/nayeon/Documents/GitHub/DataPulse/data/sales_report.pdf
2025-12-10 01:31:12 - weasyprint - WARNING - Ignored `min-height: 100vh` at 6:21, invalid value.
2025-12-10 01:31:12 - weasyprint - WARNING - Ignored `box-shadow: 0 5px 15px rgba(0,0,0,0.08)` at 14:21, unknown property.
2025-12-10 01:31:12 - weasyprint - WARNING - Ignored `box-shadow: 0 1px 3px rgba(0,0,0,0.05)` at 41:21, unknown property.
2025-12-10 01:31:29 - root - INFO - Система логирования инициализирована
2025-12-10 01:31:48 - data_manager - INFO - Загрузка данных из /Users/nayeon/Documents/GitHub/DataPulse/sales_data_40_days.csv
2025-12-10 01:31:48 - data_manager - INFO - Успешно загружено 40 записей
2025-12-10 01:31:48 - data_manager - INFO - Начало обработки данных
2025-12-10 01:31:48 - data_manager - INFO - Валидация данных пройдена успешно
2025-12-10 01:31:48 - data_manager - INFO - Обработка завершена. Итоговых записей: 40
2025-12-10 01:31:51 - __main__ - INFO - ==================================================
2025-12-10 01:31:51 - __main__ - INFO - НАЧАЛО ПРОГНОЗИРОВАНИЯ
2025-12-10 01:31:51 - __main__ - INFO - Размер обучающих данных: 40
2025-12-10 01:31:51 - __main__ - INFO - Диапазон дат: 2024-01-01 00:00:00 - 2024-02-09 00:00:00
2025-12-10 01:31:51 - __main__ - INFO - Диапазон продаж: 853 - 1630
2025-12-10 01:31:51 - __main__ - INFO - Средние продажи: 1248
2025-12-10 01:31:51 - __main__ - INFO - Медиана продаж: 1248
2025-12-10 01:31:51 - __main__ - INFO - Последние 7 дней: 1429 в среднем
2025-12-10 01:31:51 - __main__ - INFO - Тренд последних 7 дней: 20.62%
2025-12-10 01:31:51 - ml_engine - INFO - Используются последние 23 дней для обучения
2025-12-10 01:31:51 - ml_engine - INFO - Лучший alpha: 1.0
2025-12-10 01:31:51 - ml_engine - INFO - Средняя выручка: 1429.37
2025-12-10 01:31:51 - ml_engine - INFO - MAE: 75.52 руб. (5.3%)
2025-12-10 01:31:51 - ml_engine - INFO - RMSE: 93.32 руб. (6.5%)
2025-12-10 01:31:51 - __main__ - INFO - РЕЗУЛЬТАТЫ ПРОГНОЗА:
2025-12-10 01:31:51 - __main__ - INFO - Прогнозируемые значения: ['1338', '1305', '1502', '1625', '1633', '1554', '1466']
2025-12-10 01:31:51 - __main__ - INFO - Средний прогноз: 1489
2025-12-10 01:31:51 - __main__ - INFO - Диапазон прогноза: 1305 - 1633
2025-12-10 01:31:51 - __main__ - INFO - ДЕТАЛЬНЫЙ АНАЛИЗ СОГЛАСОВАННОСТИ:
2025-12-10 01:31:51 - __main__ - INFO - История (30 дней): ср=1292, мед=1320
2025-12-10 01:31:51 - __main__ - INFO - Прогноз (7 дней):  ср=1489, мед=1502
2025-12-10 01:31:51 - __main__ - INFO - Отклонение среднего: +15.2%
2025-12-10 01:31:51 - __main__ - INFO - Отклонение медианы: +13.8%
2025-12-10 01:31:51 - __main__ - INFO - Добавлены доверительные интервалы: ±15.0%
2025-12-10 01:31:51 - __main__ - INFO - Отклонение от исторического среднего: +15.2%
2025-12-10 01:31:51 - __main__ - INFO - ПРОГНОЗИРОВАНИЕ ЗАВЕРШЕНО УСПЕШНО
2025-12-10 01:31:51 - __main__ - INFO - ==================================================
2025-12-10 01:31:53 - weasyprint - WARNING - Ignored `min-height: 100vh` at 6:21, invalid value.
2025-12-10 01:31:53 - weasyprint - WARNING - Ignored `box-shadow: 0 5px 15px rgba(0,0,0,0.08)` at 14:21, unknown property.
2025-12-10 01:31:53 - weasyprint - WARNING - Ignored `box-shadow: 0 1px 3px rgba(0,0,0,0.05)` at 41:21, unknown property.
2025-12-10 01:38:29 - root - INFO - Система логирования инициализирована
2025-12-10 01:38:36 - data_manager - INFO - Загрузка данных из /Users/nayeon/Documents/GitHub/DataPulse/sales_data_40_days.csv
2025-12-10 01:38:36 - data_manager - INFO - Успешно загружено 40 записей
2025-12-10 01:38:36 - data_manager - INFO - Начало обработки данных
2025-12-10 01:38:36 - data_manager - INFO - Валидация данных пройдена успешно
2025-12-10 01:38:36 - data_manager - INFO - Обработка завершена. Итоговых записей: 40
2025-12-10 01:38:38 - __main__ - INFO - ==================================================
2025-12-10 01:38:38 - __main__ - INFO - НАЧАЛО ПРОГНОЗИРОВАНИЯ
2025-12-10 01:38:38 - __main__ - INFO - Размер обучающих данных: 40
2025-12-10 01:38:38 - __main__ - INFO - Диапазон дат: 2024-01-01 00:00:00 - 2024-02-09 00:00:00
2025-12-10 01:38:38 - __main__ - INFO - Диапазон продаж: 853 - 1630
2025-12-10 01:38:38 - __main__ - INFO - Средние продажи: 1248
2025-12-10 01:38:38 - __main__ - INFO - Медиана продаж: 1248
2025-12-10 01:38:38 - __main__ - INFO - Последние 7 дней: 1429 в среднем
2025-12-10 01:38:38 - __main__ - INFO - Тренд последних 7 дней: 20.62%
2025-12-10 01:38:38 - ml_engine - INFO - Используются последние 23 дней для обучения
2025-12-10 01:38:38 - ml_engine - INFO - Лучший alpha: 1.0
2025-12-10 01:38:38 - ml_engine - INFO - Средняя выручка: 1429.37
2025-12-10 01:38:38 - ml_engine - INFO - MAE: 75.52 руб. (5.3%)
2025-12-10 01:38:38 - ml_engine - INFO - RMSE: 93.32 руб. (6.5%)
2025-12-10 01:38:38 - __main__ - INFO - РЕЗУЛЬТАТЫ ПРОГНОЗА:
2025-12-10 01:38:38 - __main__ - INFO - Прогнозируемые значения: ['1338', '1305', '1502', '1625', '1633', '1554', '1466']
2025-12-10 01:38:38 - __main__ - INFO - Средний прогноз: 1489
2025-12-10 01:38:38 - __main__ - INFO - Диапазон прогноза: 1305 - 1633
2025-12-10 01:38:38 - __main__ - INFO - ДЕТАЛЬНЫЙ АНАЛИЗ СОГЛАСОВАННОСТИ:
2025-12-10 01:38:38 - __main__ - INFO - История (30 дней): ср=1292, мед=1320
2025-12-10 01:38:38 - __main__ - INFO - Прогноз (7 дней):  ср=1489, мед=1502
2025-12-10 01:38:38 - __main__ - INFO - Отклонение среднего: +15.2%
2025-12-10 01:38:38 - __main__ - INFO - Отклонение медианы: +13.8%
2025-12-10 01:38:38 - __main__ - INFO - Добавлены доверительные интервалы: ±15.0%
2025-12-10 01:38:38 - __main__ - INFO - Отклонение от исторического среднего: +15.2%
2025-12-10 01:38:38 - __main__ - INFO - ПРОГНОЗИРОВАНИЕ ЗАВЕРШЕНО УСПЕШНО
2025-12-10 01:38:38 - __main__ - INFO - ==================================================
2025-12-10 01:38:40 - weasyprint - WARNING - Ignored `min-height: 100vh` at 6:21, invalid value.
2025-12-10 01:38:40 - weasyprint - WARNING - Ignored `box-shadow: 0 5px 15px rgba(0,0,0,0.08)` at 14:21, unknown property.
2025-12-10 01:38:40 - weasyprint - WARNING - Ignored `box-shadow: 0 1px 3px rgba(0,0,0,0.05)` at 41:21, unknown property.
2025-12-10 01:38:41 - fontTools.varLib.instancer - INFO - Restricted limits: {'wght': (700, 700, 700)}
2025-12-10 01:38:41 - fontTools.varLib.instancer - INFO - Normalized limits: {'wght': (1, 1, 1, 0, 300)}
2025-12-10 01:38:41 - fontTools.varLib.instancer - INFO - Instantiating glyf/gvar tables
2025-12-10 01:38:41 - fontTools.varLib.instancer - INFO - Instantiating HVAR table
2025-12-10 01:38:41 - fontTools.varLib.instancer - INFO - Dropping HVAR table
2025-12-10 01:38:41 - fontTools.varLib.instancer - INFO - Dropping avar table
2025-12-10 01:38:41 - fontTools.varLib.instancer - INFO - Instantiating STAT table
2025-12-10 01:38:41 - fontTools.varLib.instancer - INFO - Dropping fvar table
2025-12-10 01:38:41 - fontTools.varLib.instancer - INFO - Pruning name table
2025-12-10 01:38:41 - fontTools.varLib - INFO - Setting OS/2.usWeightClass = 700
2025-12-10 01:38:41 - fontTools.varLib.instancer - INFO - Restricted limits: {'wght': (700, 700, 700)}
2025-12-10 01:38:41 - fontTools.varLib.instancer - INFO - Normalized limits: {'wght': (1, 1, 1, 0, 300)}
2025-12-10 01:38:41 - fontTools.varLib.instancer - INFO - Instantiating glyf/gvar tables
2025-12-10 01:38:41 - fontTools.varLib.instancer - INFO - Instantiating HVAR table
2025-12-10 01:38:41 - fontTools.varLib.instancer - INFO - Dropping HVAR table
2025-12-10 01:38:41 - fontTools.varLib.instancer - INFO - Dropping avar table
2025-12-10 01:38:41 - fontTools.varLib.instancer - INFO - Instantiating STAT table
2025-12-10 01:38:41 - fontTools.varLib.instancer - INFO - Dropping fvar table
2025-12-10 01:38:41 - fontTools.varLib.instancer - INFO - Pruning name table
2025-12-10 01:38:41 - fontTools.varLib - INFO - Setting OS/2.usWeightClass = 700
2025-12-10 01:39:34 - __main__ - INFO - Отчет по прогнозам сохранен: /Users/nayeon/Documents/GitHub/DataPulse/data/forecast_report.pdf
2025-12-10 01:40:04 - weasyprint - WARNING - Ignored `min-height: 100vh` at 6:21, invalid value.
2025-12-10 01:40:04 - weasyprint - WARNING - Ignored `box-shadow: 0 5px 15px rgba(0,0,0,0.08)` at 14:21, unknown property.
2025-12-10 01:40:04 - weasyprint - WARNING - Ignored `box-shadow: 0 1px 3px rgba(0,0,0,0.05)` at 41:21, unknown property.
2025-12-10 01:40:31 - root - INFO - Система логирования инициализирована
2025-12-10 01:40:44 - data_manager - INFO - Загрузка данных из /Users/nayeon/Documents/GitHub/DataPulse/sales_data_40_days.csv
2025-12-10 01:40:44 - data_manager - INFO - Успешно загружено 40 записей
2025-12-10 01:40:44 - data_manager - INFO - Начало обработки данных
2025-12-10 01:40:44 - data_manager - INFO - Валидация данных пройдена успешно
2025-12-10 01:40:44 - data_manager - INFO - Обработка завершена. Итоговых записей: 40
2025-12-10 01:40:50 - __main__ - INFO - ==================================================
2025-12-10 01:40:50 - __main__ - INFO - НАЧАЛО ПРОГНОЗИРОВАНИЯ
2025-12-10 01:40:50 - __main__ - INFO - Размер обучающих данных: 40
2025-12-10 01:40:50 - __main__ - INFO - Диапазон дат: 2024-01-01 00:00:00 - 2024-02-09 00:00:00
2025-12-10 01:40:50 - __main__ - INFO - Диапазон продаж: 853 - 1630
2025-12-10 01:40:50 - __main__ - INFO - Средние продажи: 1248
2025-12-10 01:40:50 - __main__ - INFO - Медиана продаж: 1248
2025-12-10 01:40:50 - __main__ - INFO - Последние 7 дней: 1429 в среднем
2025-12-10 01:40:50 - __main__ - INFO - Тренд последних 7 дней: 20.62%
2025-12-10 01:40:50 - ml_engine - INFO - Используются последние 23 дней для обучения
2025-12-10 01:40:50 - ml_engine - INFO - Лучший alpha: 1.0
2025-12-10 01:40:50 - ml_engine - INFO - Средняя выручка: 1429.37
2025-12-10 01:40:50 - ml_engine - INFO - MAE: 75.52 руб. (5.3%)
2025-12-10 01:40:50 - ml_engine - INFO - RMSE: 93.32 руб. (6.5%)
2025-12-10 01:40:50 - __main__ - INFO - РЕЗУЛЬТАТЫ ПРОГНОЗА:
2025-12-10 01:40:50 - __main__ - INFO - Прогнозируемые значения: ['1338', '1305', '1502', '1625', '1633', '1554', '1466']
2025-12-10 01:40:50 - __main__ - INFO - Средний прогноз: 1489
2025-12-10 01:40:50 - __main__ - INFO - Диапазон прогноза: 1305 - 1633
2025-12-10 01:40:50 - __main__ - INFO - ДЕТАЛЬНЫЙ АНАЛИЗ СОГЛАСОВАННОСТИ:
2025-12-10 01:40:50 - __main__ - INFO - История (30 дней): ср=1292, мед=1320
2025-12-10 01:40:50 - __main__ - INFO - Прогноз (7 дней):  ср=1489, мед=1502
2025-12-10 01:40:50 - __main__ - INFO - Отклонение среднего: +15.2%
2025-12-10 01:40:50 - __main__ - INFO - Отклонение медианы: +13.8%
2025-12-10 01:40:50 - __main__ - INFO - Добавлены доверительные интервалы: ±15.0%
2025-12-10 01:40:50 - __main__ - INFO - Отклонение от исторического среднего: +15.2%
2025-12-10 01:40:50 - __main__ - INFO - ПРОГНОЗИРОВАНИЕ ЗАВЕРШЕНО УСПЕШНО
2025-12-10 01:40:50 - __main__ - INFO - ==================================================
2025-12-10 01:40:52 - weasyprint - WARNING - Ignored `min-height: 100vh` at 6:21, invalid value.
2025-12-10 01:40:52 - weasyprint - WARNING - Ignored `box-shadow: 0 5px 15px rgba(0,0,0,0.08)` at 14:21, unknown property.
2025-12-10 01:40:52 - weasyprint - WARNING - Ignored `box-shadow: 0 1px 3px rgba(0,0,0,0.05)` at 41:21, unknown property.
2025-12-10 01:40:54 - fontTools.varLib.instancer - INFO - Restricted limits: {'wght': (700, 700, 700)}
2025-12-10 01:40:54 - fontTools.varLib.instancer - INFO - Normalized limits: {'wght': (1, 1, 1, 0, 300)}
2025-12-10 01:40:54 - fontTools.varLib.instancer - INFO - Instantiating glyf/gvar tables
2025-12-10 01:40:54 - fontTools.varLib.instancer - INFO - Instantiating HVAR table
2025-12-10 01:40:54 - fontTools.varLib.instancer - INFO - Dropping HVAR table
2025-12-10 01:40:54 - fontTools.varLib.instancer - INFO - Dropping avar table
2025-12-10 01:40:54 - fontTools.varLib.instancer - INFO - Instantiating STAT table
2025-12-10 01:40:54 - fontTools.varLib.instancer - INFO - Dropping fvar table
2025-12-10 01:40:54 - fontTools.varLib.instancer - INFO - Pruning name table
2025-12-10 01:40:54 - fontTools.varLib - INFO - Setting OS/2.usWeightClass = 700
2025-12-10 01:40:54 - fontTools.varLib.instancer - INFO - Restricted limits: {'wght': (700, 700, 700)}
2025-12-10 01:40:54 - fontTools.varLib.instancer - INFO - Normalized limits: {'wght': (1, 1, 1, 0, 300)}
2025-12-10 01:40:54 - fontTools.varLib.instancer - INFO - Instantiating glyf/gvar tables
2025-12-10 01:40:54 - fontTools.varLib.instancer - INFO - Instantiating HVAR table
2025-12-10 01:40:54 - fontTools.varLib.instancer - INFO - Dropping HVAR table
2025-12-10 01:40:54 - fontTools.varLib.instancer - INFO - Dropping avar table
2025-12-10 01:40:54 - fontTools.varLib.instancer - INFO - Instantiating STAT table
2025-12-10 01:40:54 - fontTools.varLib.instancer - INFO - Dropping fvar table
2025-12-10 01:40:54 - fontTools.varLib.instancer - INFO - Pruning name table
2025-12-10 01:40:54 - fontTools.varLib - INFO - Setting OS/2.usWeightClass = 700
2025-12-10 01:40:58 - __main__ - INFO - Полный отчет сохранен: /Users/nayeon/Documents/GitHub/DataPulse/full_report.pdf
2025-12-10 01:41:01 - weasyprint - WARNING - Ignored `min-height: 100vh` at 6:21, invalid value.
2025-12-10 01:41:01 - weasyprint - WARNING - Ignored `box-shadow: 0 5px 15px rgba(0,0,0,0.08)` at 14:21, unknown property.
2025-12-10 01:41:01 - weasyprint - WARNING - Ignored `box-shadow: 0 1px 3px rgba(0,0,0,0.05)` at 41:21, unknown property.
2025-12-10 01:52:17 - root - INFO - Система логирования инициализирована
2025-12-10 01:52:25 - data_manager - INFO - Загрузка данных из /Users/nayeon/Documents/GitHub/DataPulse/sales_data_40_days.csv
2025-12-10 01:52:25 - data_manager - INFO - Успешно загружено 40 записей
2025-12-10 01:52:25 - data_manager - INFO - Начало обработки данных
2025-12-10 01:52:25 - data_manager - INFO - Валидация данных пройдена успешно
2025-12-10 01:52:25 - data_manager - INFO - Обработка завершена. Итоговых записей: 40
2025-12-10 01:52:27 - __main__ - INFO - ==================================================
2025-12-10 01:52:27 - __main__ - INFO - НАЧАЛО ПРОГНОЗИРОВАНИЯ
2025-12-10 01:52:27 - __main__ - INFO - Размер обучающих данных: 40
2025-12-10 01:52:27 - __main__ - INFO - Диапазон дат: 2024-01-01 00:00:00 - 2024-02-09 00:00:00
2025-12-10 01:52:27 - __main__ - INFO - Диапазон продаж: 853 - 1630
2025-12-10 01:52:27 - __main__ - INFO - Средние продажи: 1248
2025-12-10 01:52:27 - __main__ - INFO - Медиана продаж: 1248
2025-12-10 01:52:27 - __main__ - INFO - Последние 7 дней: 1429 в среднем
2025-12-10 01:52:27 - __main__ - INFO - Тренд последних 7 дней: 20.62%
2025-12-10 01:52:27 - ml_engine - INFO - Используются последние 23 дней для обучения
2025-12-10 01:52:27 - ml_engine - INFO - Лучший alpha: 1.0
2025-12-10 01:52:27 - ml_engine - INFO - Средняя выручка: 1429.37
2025-12-10 01:52:27 - ml_engine - INFO - MAE: 75.52 руб. (5.3%)
2025-12-10 01:52:27 - ml_engine - INFO - RMSE: 93.32 руб. (6.5%)
2025-12-10 01:52:27 - __main__ - INFO - РЕЗУЛЬТАТЫ ПРОГНОЗА:
2025-12-10 01:52:27 - __main__ - INFO - Прогнозируемые значения: ['1338', '1305', '1502', '1625', '1633', '1554', '1466']
2025-12-10 01:52:27 - __main__ - INFO - Средний прогноз: 1489
2025-12-10 01:52:27 - __main__ - INFO - Диапазон прогноза: 1305 - 1633
2025-12-10 01:52:27 - __main__ - INFO - ДЕТАЛЬНЫЙ АНАЛИЗ СОГЛАСОВАННОСТИ:
2025-12-10 01:52:27 - __main__ - INFO - История (30 дней): ср=1292, мед=1320
2025-12-10 01:52:27 - __main__ - INFO - Прогноз (7 дней):  ср=1489, мед=1502
2025-12-10 01:52:27 - __main__ - INFO - Отклонение среднего: +15.2%
2025-12-10 01:52:27 - __main__ - INFO - Отклонение медианы: +13.8%
2025-12-10 01:52:27 - __main__ - INFO - Добавлены доверительные интервалы: ±15.0%
2025-12-10 01:52:27 - __main__ - INFO - Отклонение от исторического среднего: +15.2%
2025-12-10 01:52:27 - __main__ - INFO - ПРОГНОЗИРОВАНИЕ ЗАВЕРШЕНО УСПЕШНО
2025-12-10 01:52:27 - __main__ - INFO - ==================================================
2025-12-10 01:52:30 - weasyprint - WARNING - Ignored `min-height: 100vh` at 6:21, invalid value.
2025-12-10 01:52:30 - weasyprint - WARNING - Ignored `box-shadow: 0 5px 15px rgba(0,0,0,0.08)` at 14:21, unknown property.
2025-12-10 01:52:30 - weasyprint - WARNING - Ignored `box-shadow: 0 1px 3px rgba(0,0,0,0.05)` at 34:21, unknown property.
2025-12-10 01:52:31 - fontTools.subset - INFO - maxp pruned
2025-12-10 01:52:31 - fontTools.subset - INFO - LTSH dropped
2025-12-10 01:52:31 - fontTools.subset - INFO - VDMX dropped
2025-12-10 01:52:31 - fontTools.subset - INFO - hdmx dropped
2025-12-10 01:52:31 - fontTools.subset - INFO - cmap pruned
2025-12-10 01:52:31 - fontTools.subset - INFO - fpgm dropped
2025-12-10 01:52:31 - fontTools.subset - INFO - prep dropped
2025-12-10 01:52:31 - fontTools.subset - INFO - cvt  dropped
2025-12-10 01:52:31 - fontTools.subset - INFO - post pruned
2025-12-10 01:52:31 - fontTools.subset - INFO - DSIG dropped
2025-12-10 01:52:31 - fontTools.subset - INFO - GPOS dropped
2025-12-10 01:52:31 - fontTools.subset - INFO - GSUB dropped
2025-12-10 01:52:31 - fontTools.subset - INFO - glyf pruned
2025-12-10 01:52:31 - fontTools.subset - INFO - Added gid0 to subset
2025-12-10 01:52:31 - fontTools.subset - INFO - Closing glyph list over 'glyf': 56 glyphs before
2025-12-10 01:52:31 - fontTools.subset - INFO - Glyph names: ['.notdef', 'D', 'P', 'a', 'colon', 'e', 'eight', 'five', 'four', 'l', 'nine', 'one', 'parenleft', 'parenright', 'percent', 'period', 's', 'seven', 'six', 'space', 't', 'three', 'two', 'u', 'uni0412', 'uni0414', 'uni0418', 'uni041C', 'uni041D', 'uni041E', 'uni041F', 'uni0430', 'uni0431', 'uni0432', 'uni0434', 'uni0435', 'uni0436', 'uni0437', 'uni0438', 'uni0439', 'uni043A', 'uni043B', 'uni043C', 'uni043D', 'uni043E', 'uni043F', 'uni0440', 'uni0441', 'uni0442', 'uni0445', 'uni0446', 'uni0447', 'uni044B', 'uni044C', 'uni044F', 'zero']
2025-12-10 01:52:31 - fontTools.subset - INFO - Glyph IDs:   [0, 3, 8, 11, 12, 17, 19, 20, 21, 22, 23, 24, 25, 26, 27, 28, 29, 39, 51, 68, 72, 79, 86, 87, 88, 490, 492, 496, 500, 501, 502, 503, 520, 521, 522, 524, 525, 526, 527, 528, 529, 530, 531, 532, 533, 534, 535, 536, 537, 538, 541, 542, 543, 547, 548, 551]
2025-12-10 01:52:31 - fontTools.subset - INFO - Closed glyph list over 'glyf': 64 glyphs after
2025-12-10 01:52:31 - fontTools.subset - INFO - Glyph names: ['.notdef', 'B', 'D', 'H', 'M', 'O', 'P', 'a', 'c', 'colon', 'e', 'eight', 'five', 'four', 'l', 'nine', 'o', 'one', 'p', 'parenleft', 'parenright', 'percent', 'period', 's', 'seven', 'six', 'space', 't', 'three', 'two', 'u', 'uni0412', 'uni0414', 'uni0418', 'uni041C', 'uni041D', 'uni041E', 'uni041F', 'uni0430', 'uni0431', 'uni0432', 'uni0434', 'uni0435', 'uni0436', 'uni0437', 'uni0438', 'uni0439', 'uni043A', 'uni043B', 'uni043C', 'uni043D', 'uni043E', 'uni043F', 'uni0440', 'uni0441', 'uni0442', 'uni0445', 'uni0446', 'uni0447', 'uni044B', 'uni044C', 'uni044F', 'x', 'zero']
2025-12-10 01:52:31 - fontTools.subset - INFO - Glyph IDs:   [0, 3, 8, 11, 12, 17, 19, 20, 21, 22, 23, 24, 25, 26, 27, 28, 29, 37, 39, 43, 48, 50, 51, 68, 70, 72, 79, 82, 83, 86, 87, 88, 91, 490, 492, 496, 500, 501, 502, 503, 520, 521, 522, 524, 525, 526, 527, 528, 529, 530, 531, 532, 533, 534, 535, 536, 537, 538, 541, 542, 543, 547, 548, 551]
2025-12-10 01:52:31 - fontTools.subset - INFO - Retaining 64 glyphs
2025-12-10 01:52:31 - fontTools.subset - INFO - head subsetting not needed
2025-12-10 01:52:31 - fontTools.subset - INFO - hhea subsetting not needed
2025-12-10 01:52:31 - fontTools.subset - INFO - maxp subsetting not needed
2025-12-10 01:52:31 - fontTools.subset - INFO - OS/2 subsetting not needed
2025-12-10 01:52:31 - fontTools.subset - INFO - hmtx subsetted
2025-12-10 01:52:31 - fontTools.subset - INFO - cmap subsetted
2025-12-10 01:52:31 - fontTools.subset - INFO - loca subsetting not needed
2025-12-10 01:52:31 - fontTools.subset - INFO - post subsetted
2025-12-10 01:52:31 - fontTools.subset - INFO - gasp subsetting not needed
2025-12-10 01:52:31 - fontTools.subset - INFO - GDEF subsetted
2025-12-10 01:52:31 - fontTools.subset - INFO - name subsetting not needed
2025-12-10 01:52:31 - fontTools.subset - INFO - glyf subsetted
2025-12-10 01:52:31 - fontTools.subset - INFO - head pruned
2025-12-10 01:52:31 - fontTools.subset - INFO - OS/2 Unicode ranges pruned: [0, 1, 9]
2025-12-10 01:52:31 - fontTools.subset - INFO - OS/2 CodePage ranges pruned: [0]
2025-12-10 01:52:31 - fontTools.subset - INFO - glyf pruned
2025-12-10 01:52:31 - fontTools.subset - INFO - GDEF pruned
2025-12-10 01:52:31 - fontTools.subset - INFO - name pruned
2025-12-10 01:52:31 - fontTools.subset - INFO - maxp pruned
2025-12-10 01:52:31 - fontTools.subset - INFO - LTSH dropped
2025-12-10 01:52:31 - fontTools.subset - INFO - VDMX dropped
2025-12-10 01:52:31 - fontTools.subset - INFO - hdmx dropped
2025-12-10 01:52:31 - fontTools.subset - INFO - cmap pruned
2025-12-10 01:52:31 - fontTools.subset - INFO - fpgm dropped
2025-12-10 01:52:31 - fontTools.subset - INFO - prep dropped
2025-12-10 01:52:31 - fontTools.subset - INFO - cvt  dropped
2025-12-10 01:52:31 - fontTools.subset - INFO - kern dropped
2025-12-10 01:52:31 - fontTools.subset - INFO - post pruned
2025-12-10 01:52:31 - fontTools.subset - INFO - DSIG dropped
2025-12-10 01:52:31 - fontTools.subset - INFO - GPOS dropped
2025-12-10 01:52:31 - fontTools.subset - INFO - GSUB dropped
2025-12-10 01:52:31 - fontTools.subset - INFO - glyf pruned
2025-12-10 01:52:31 - fontTools.subset - INFO - Added gid0 to subset
2025-12-10 01:52:31 - fontTools.subset - INFO - Closing glyph list over 'glyf': 47 glyphs before
2025-12-10 01:52:31 - fontTools.subset - INFO - Glyph names: ['.notdef', 'colon', 'five', 'four', 'nine', 'one', 'period', 'six', 'space', 'two', 'uni0410', 'uni0412', 'uni0414', 'uni041C', 'uni041E', 'uni041F', 'uni0421', 'uni0427', 'uni042F', 'uni0430', 'uni0431', 'uni0432', 'uni0433', 'uni0434', 'uni0435', 'uni0436', 'uni0437', 'uni0438', 'uni0439', 'uni043A', 'uni043B', 'uni043C', 'uni043D', 'uni043E', 'uni043F', 'uni0440', 'uni0441', 'uni0442', 'uni0443', 'uni0446', 'uni0447', 'uni0449', 'uni044A', 'uni044B', 'uni044C', 'uni044F', 'zero']
2025-12-10 01:52:31 - fontTools.subset - INFO - Glyph IDs:   [0, 3, 17, 19, 20, 21, 23, 24, 25, 28, 29, 488, 490, 492, 500, 502, 503, 505, 511, 519, 520, 521, 522, 523, 524, 525, 526, 527, 528, 529, 530, 531, 532, 533, 534, 535, 536, 537, 538, 539, 542, 543, 545, 546, 547, 548, 551]
2025-12-10 01:52:31 - fontTools.subset - INFO - Closed glyph list over 'glyf': 59 glyphs after
2025-12-10 01:52:31 - fontTools.subset - INFO - Glyph names: ['.notdef', 'A', 'B', 'C', 'M', 'O', 'a', 'breve', 'c', 'colon', 'e', 'five', 'four', 'nine', 'o', 'one', 'p', 'period', 'six', 'space', 'two', 'uni0410', 'uni0412', 'uni0414', 'uni041C', 'uni041E', 'uni041F', 'uni0421', 'uni0427', 'uni042F', 'uni0430', 'uni0431', 'uni0432', 'uni0433', 'uni0434', 'uni0435', 'uni0436', 'uni0437', 'uni0438', 'uni0439', 'uni043A', 'uni043B', 'uni043C', 'uni043D', 'uni043E', 'uni043F', 'uni0440', 'uni0441', 'uni0442', 'uni0443', 'uni0446', 'uni0447', 'uni0449', 'uni044A', 'uni044B', 'uni044C', 'uni044F', 'y', 'zero']
2025-12-10 01:52:31 - fontTools.subset - INFO - Glyph IDs:   [0, 3, 17, 19, 20, 21, 23, 24, 25, 28, 29, 36, 37, 38, 48, 50, 68, 70, 72, 82, 83, 92, 217, 488, 490, 492, 500, 502, 503, 505, 511, 519, 520, 521, 522, 523, 524, 525, 526, 527, 528, 529, 530, 531, 532, 533, 534, 535, 536, 537, 538, 539, 542, 543, 545, 546, 547, 548, 551]
2025-12-10 01:52:31 - fontTools.subset - INFO - Retaining 59 glyphs
2025-12-10 01:52:31 - fontTools.subset - INFO - head subsetting not needed
2025-12-10 01:52:31 - fontTools.subset - INFO - hhea subsetting not needed
2025-12-10 01:52:31 - fontTools.subset - INFO - maxp subsetting not needed
2025-12-10 01:52:31 - fontTools.subset - INFO - OS/2 subsetting not needed
2025-12-10 01:52:31 - fontTools.subset - INFO - hmtx subsetted
2025-12-10 01:52:31 - fontTools.subset - INFO - cmap subsetted
2025-12-10 01:52:31 - fontTools.subset - INFO - loca subsetting not needed
2025-12-10 01:52:31 - fontTools.subset - INFO - post subsetted
2025-12-10 01:52:31 - fontTools.subset - INFO - gasp subsetting not needed
2025-12-10 01:52:31 - fontTools.subset - INFO - GDEF subsetted
2025-12-10 01:52:31 - fontTools.subset - INFO - name subsetting not needed
2025-12-10 01:52:31 - fontTools.subset - INFO - glyf subsetted
2025-12-10 01:52:31 - fontTools.subset - INFO - head pruned
2025-12-10 01:52:31 - fontTools.subset - INFO - OS/2 Unicode ranges pruned: [0, 1, 9]
2025-12-10 01:52:31 - fontTools.subset - INFO - OS/2 CodePage ranges pruned: [0]
2025-12-10 01:52:31 - fontTools.subset - INFO - glyf pruned
2025-12-10 01:52:31 - fontTools.subset - INFO - GDEF pruned
2025-12-10 01:52:31 - fontTools.subset - INFO - name pruned
2025-12-10 01:52:31 - fontTools.subset - INFO - maxp pruned
2025-12-10 01:52:31 - fontTools.subset - INFO - cmap pruned
2025-12-10 01:52:31 - fontTools.subset - INFO - prep dropped
2025-12-10 01:52:31 - fontTools.subset - INFO - post pruned
2025-12-10 01:52:31 - fontTools.subset - INFO - DSIG dropped
2025-12-10 01:52:31 - fontTools.subset - INFO - GPOS dropped
2025-12-10 01:52:31 - fontTools.subset - INFO - GSUB dropped
2025-12-10 01:52:31 - fontTools.subset - INFO - gvar pruned
2025-12-10 01:52:31 - fontTools.subset - INFO - glyf pruned
2025-12-10 01:52:31 - fontTools.subset - INFO - Added gid0 to subset
2025-12-10 01:52:31 - fontTools.subset - INFO - Closing glyph list over 'glyf': 2 glyphs before
2025-12-10 01:52:31 - fontTools.subset - INFO - Glyph names: ['.notdef', 'uni20BD']
2025-12-10 01:52:31 - fontTools.subset - INFO - Glyph IDs:   [0, 1908]
2025-12-10 01:52:31 - fontTools.subset - INFO - Closed glyph list over 'glyf': 2 glyphs after
2025-12-10 01:52:31 - fontTools.subset - INFO - Glyph names: ['.notdef', 'uni20BD']
2025-12-10 01:52:31 - fontTools.subset - INFO - Glyph IDs:   [0, 1908]
2025-12-10 01:52:31 - fontTools.subset - INFO - Retaining 2 glyphs
2025-12-10 01:52:31 - fontTools.subset - INFO - head subsetting not needed
2025-12-10 01:52:31 - fontTools.subset - INFO - hhea subsetting not needed
2025-12-10 01:52:31 - fontTools.subset - INFO - maxp subsetting not needed
2025-12-10 01:52:31 - fontTools.subset - INFO - OS/2 subsetting not needed
2025-12-10 01:52:31 - fontTools.subset - INFO - hmtx subsetted
2025-12-10 01:52:31 - fontTools.subset - INFO - cmap subsetted
2025-12-10 01:52:31 - fontTools.subset - INFO - loca subsetting not needed
2025-12-10 01:52:31 - fontTools.subset - INFO - post subsetted
2025-12-10 01:52:31 - fontTools.subset - INFO - gasp subsetting not needed
2025-12-10 01:52:31 - fontTools.subset - INFO - HVAR subsetted
2025-12-10 01:52:31 - fontTools.subset - INFO - STAT subsetting not needed
2025-12-10 01:52:31 - fontTools.subset - INFO - GDEF subsetted
2025-12-10 01:52:31 - fontTools.subset - INFO - fvar subsetting not needed
2025-12-10 01:52:31 - fontTools.subset - INFO - avar subsetting not needed
2025-12-10 01:52:31 - fontTools.subset - INFO - gvar subsetted
2025-12-10 01:52:31 - fontTools.subset - INFO - name subsetting not needed
2025-12-10 01:52:31 - fontTools.subset - INFO - glyf subsetted
2025-12-10 01:52:31 - fontTools.subset - INFO - head pruned
2025-12-10 01:52:31 - fontTools.subset - INFO - OS/2 Unicode ranges pruned: [33]
2025-12-10 01:52:31 - fontTools.subset - INFO - OS/2 CodePage ranges pruned: [0]
2025-12-10 01:52:31 - fontTools.subset - INFO - glyf pruned
2025-12-10 01:52:31 - fontTools.subset - INFO - GDEF pruned
2025-12-10 01:52:31 - fontTools.subset - INFO - name pruned
2025-12-10 01:52:31 - fontTools.varLib.instancer - INFO - Restricted limits: {'wght': (700, 700, 700)}
2025-12-10 01:52:31 - fontTools.varLib.instancer - INFO - Normalized limits: {'wght': (1, 1, 1, 0, 300)}
2025-12-10 01:52:31 - fontTools.varLib.instancer - INFO - Instantiating glyf/gvar tables
2025-12-10 01:52:31 - fontTools.varLib.instancer - INFO - Instantiating HVAR table
2025-12-10 01:52:31 - fontTools.varLib.instancer - INFO - Dropping HVAR table
2025-12-10 01:52:31 - fontTools.varLib.instancer - INFO - Dropping avar table
2025-12-10 01:52:31 - fontTools.varLib.instancer - INFO - Instantiating STAT table
2025-12-10 01:52:31 - fontTools.varLib.instancer - INFO - Dropping fvar table
2025-12-10 01:52:31 - fontTools.varLib.instancer - INFO - Pruning name table
2025-12-10 01:52:31 - fontTools.varLib - INFO - Setting OS/2.usWeightClass = 700
2025-12-10 01:52:31 - fontTools.subset - INFO - maxp pruned
2025-12-10 01:52:31 - fontTools.subset - INFO - cmap pruned
2025-12-10 01:52:31 - fontTools.subset - INFO - prep dropped
2025-12-10 01:52:31 - fontTools.subset - INFO - post pruned
2025-12-10 01:52:31 - fontTools.subset - INFO - DSIG dropped
2025-12-10 01:52:31 - fontTools.subset - INFO - GPOS dropped
2025-12-10 01:52:31 - fontTools.subset - INFO - GSUB dropped
2025-12-10 01:52:31 - fontTools.subset - INFO - gvar pruned
2025-12-10 01:52:31 - fontTools.subset - INFO - glyf pruned
2025-12-10 01:52:31 - fontTools.subset - INFO - Added gid0 to subset
2025-12-10 01:52:31 - fontTools.subset - INFO - Closing glyph list over 'glyf': 2 glyphs before
2025-12-10 01:52:31 - fontTools.subset - INFO - Glyph names: ['.notdef', 'uni20BD']
2025-12-10 01:52:31 - fontTools.subset - INFO - Glyph IDs:   [0, 1908]
2025-12-10 01:52:31 - fontTools.subset - INFO - Closed glyph list over 'glyf': 2 glyphs after
2025-12-10 01:52:31 - fontTools.subset - INFO - Glyph names: ['.notdef', 'uni20BD']
2025-12-10 01:52:31 - fontTools.subset - INFO - Glyph IDs:   [0, 1908]
2025-12-10 01:52:31 - fontTools.subset - INFO - Retaining 2 glyphs
2025-12-10 01:52:31 - fontTools.subset - INFO - head subsetting not needed
2025-12-10 01:52:31 - fontTools.subset - INFO - hhea subsetting not needed
2025-12-10 01:52:31 - fontTools.subset - INFO - maxp subsetting not needed
2025-12-10 01:52:31 - fontTools.subset - INFO - OS/2 subsetting not needed
2025-12-10 01:52:31 - fontTools.subset - INFO - hmtx subsetted
2025-12-10 01:52:31 - fontTools.subset - INFO - cmap subsetted
2025-12-10 01:52:31 - fontTools.subset - INFO - loca subsetting not needed
2025-12-10 01:52:31 - fontTools.subset - INFO - post subsetted
2025-12-10 01:52:31 - fontTools.subset - INFO - gasp subsetting not needed
2025-12-10 01:52:31 - fontTools.subset - INFO - HVAR subsetted
2025-12-10 01:52:31 - fontTools.subset - INFO - STAT subsetting not needed
2025-12-10 01:52:31 - fontTools.subset - INFO - GDEF subsetted
2025-12-10 01:52:31 - fontTools.subset - INFO - fvar subsetting not needed
2025-12-10 01:52:31 - fontTools.subset - INFO - avar subsetting not needed
2025-12-10 01:52:31 - fontTools.subset - INFO - gvar subsetted
2025-12-10 01:52:31 - fontTools.subset - INFO - name subsetting not needed
2025-12-10 01:52:31 - fontTools.subset - INFO - glyf subsetted
2025-12-10 01:52:31 - fontTools.subset - INFO - head pruned
2025-12-10 01:52:31 - fontTools.subset - INFO - OS/2 Unicode ranges pruned: [33]
2025-12-10 01:52:31 - fontTools.subset - INFO - OS/2 CodePage ranges pruned: [0]
2025-12-10 01:52:31 - fontTools.subset - INFO - glyf pruned
2025-12-10 01:52:31 - fontTools.subset - INFO - GDEF pruned
2025-12-10 01:52:31 - fontTools.subset - INFO - name pruned
2025-12-10 01:52:31 - fontTools.varLib.instancer - INFO - Restricted limits: {'wght': (700, 700, 700)}
2025-12-10 01:52:31 - fontTools.varLib.instancer - INFO - Normalized limits: {'wght': (1, 1, 1, 0, 300)}
2025-12-10 01:52:31 - fontTools.varLib.instancer - INFO - Instantiating glyf/gvar tables
2025-12-10 01:52:31 - fontTools.varLib.instancer - INFO - Instantiating HVAR table
2025-12-10 01:52:31 - fontTools.varLib.instancer - INFO - Dropping HVAR table
2025-12-10 01:52:31 - fontTools.varLib.instancer - INFO - Dropping avar table
2025-12-10 01:52:31 - fontTools.varLib.instancer - INFO - Instantiating STAT table
2025-12-10 01:52:31 - fontTools.varLib.instancer - INFO - Dropping fvar table
2025-12-10 01:52:31 - fontTools.varLib.instancer - INFO - Pruning name table
2025-12-10 01:52:31 - fontTools.varLib - INFO - Setting OS/2.usWeightClass = 700
2025-12-10 01:52:31 - fontTools.subset - INFO - maxp pruned
2025-12-10 01:52:31 - fontTools.subset - INFO - LTSH dropped
2025-12-10 01:52:31 - fontTools.subset - INFO - VDMX dropped
2025-12-10 01:52:31 - fontTools.subset - INFO - hdmx dropped
2025-12-10 01:52:31 - fontTools.subset - INFO - cmap pruned
2025-12-10 01:52:31 - fontTools.subset - INFO - fpgm dropped
2025-12-10 01:52:31 - fontTools.subset - INFO - prep dropped
2025-12-10 01:52:31 - fontTools.subset - INFO - cvt  dropped
2025-12-10 01:52:31 - fontTools.subset - INFO - kern dropped
2025-12-10 01:52:31 - fontTools.subset - INFO - post pruned
2025-12-10 01:52:31 - fontTools.subset - INFO - DSIG dropped
2025-12-10 01:52:31 - fontTools.subset - INFO - GPOS dropped
2025-12-10 01:52:31 - fontTools.subset - INFO - GSUB dropped
2025-12-10 01:52:31 - fontTools.subset - INFO - glyf pruned
2025-12-10 01:52:31 - fontTools.subset - INFO - Added gid0 to subset
2025-12-10 01:52:31 - fontTools.subset - INFO - Closing glyph list over 'glyf': 13 glyphs before
2025-12-10 01:52:31 - fontTools.subset - INFO - Glyph names: ['.notdef', 'period', 'space', 'two', 'uni0430', 'uni0435', 'uni0437', 'uni0438', 'uni0439', 'uni043F', 'uni0441', 'uni0449', 'zero']
2025-12-10 01:52:31 - fontTools.subset - INFO - Glyph IDs:   [0, 3, 17, 19, 21, 520, 525, 527, 528, 529, 535, 537, 545]
2025-12-10 01:52:31 - fontTools.subset - INFO - Closed glyph list over 'glyf': 17 glyphs after
2025-12-10 01:52:31 - fontTools.subset - INFO - Glyph names: ['.notdef', 'a', 'breve', 'c', 'e', 'period', 'space', 'two', 'uni0430', 'uni0435', 'uni0437', 'uni0438', 'uni0439', 'uni043F', 'uni0441', 'uni0449', 'zero']
2025-12-10 01:52:31 - fontTools.subset - INFO - Glyph IDs:   [0, 3, 17, 19, 21, 68, 70, 72, 217, 520, 525, 527, 528, 529, 535, 537, 545]
2025-12-10 01:52:31 - fontTools.subset - INFO - Retaining 17 glyphs
2025-12-10 01:52:31 - fontTools.subset - INFO - head subsetting not needed
2025-12-10 01:52:31 - fontTools.subset - INFO - hhea subsetting not needed
2025-12-10 01:52:31 - fontTools.subset - INFO - maxp subsetting not needed
2025-12-10 01:52:31 - fontTools.subset - INFO - OS/2 subsetting not needed
2025-12-10 01:52:31 - fontTools.subset - INFO - hmtx subsetted
2025-12-10 01:52:31 - fontTools.subset - INFO - cmap subsetted
2025-12-10 01:52:31 - fontTools.subset - INFO - loca subsetting not needed
2025-12-10 01:52:31 - fontTools.subset - INFO - post subsetted
2025-12-10 01:52:31 - fontTools.subset - INFO - gasp subsetting not needed
2025-12-10 01:52:31 - fontTools.subset - INFO - GDEF subsetted
2025-12-10 01:52:31 - fontTools.subset - INFO - name subsetting not needed
2025-12-10 01:52:31 - fontTools.subset - INFO - glyf subsetted
2025-12-10 01:52:31 - fontTools.subset - INFO - head pruned
2025-12-10 01:52:31 - fontTools.subset - INFO - OS/2 Unicode ranges pruned: [0, 1, 9]
2025-12-10 01:52:31 - fontTools.subset - INFO - OS/2 CodePage ranges pruned: [0]
2025-12-10 01:52:31 - fontTools.subset - INFO - glyf pruned
2025-12-10 01:52:31 - fontTools.subset - INFO - GDEF pruned
2025-12-10 01:52:31 - fontTools.subset - INFO - name pruned
2025-12-10 01:52:43 - __main__ - INFO - Отчет сохранен: /Users/nayeon/Downloads/1.pdf
2025-12-10 01:52:45 - weasyprint - WARNING - Ignored `min-height: 100vh` at 6:21, invalid value.
2025-12-10 01:52:45 - weasyprint - WARNING - Ignored `box-shadow: 0 5px 15px rgba(0,0,0,0.08)` at 14:21, unknown property.
2025-12-10 01:52:45 - weasyprint - WARNING - Ignored `box-shadow: 0 1px 3px rgba(0,0,0,0.05)` at 41:21, unknown property.
2025-12-10 01:52:45 - fontTools.subset - INFO - maxp pruned
2025-12-10 01:52:45 - fontTools.subset - INFO - LTSH dropped
2025-12-10 01:52:45 - fontTools.subset - INFO - VDMX dropped
2025-12-10 01:52:45 - fontTools.subset - INFO - hdmx dropped
2025-12-10 01:52:45 - fontTools.subset - INFO - cmap pruned
2025-12-10 01:52:45 - fontTools.subset - INFO - fpgm dropped
2025-12-10 01:52:45 - fontTools.subset - INFO - prep dropped
2025-12-10 01:52:45 - fontTools.subset - INFO - cvt  dropped
2025-12-10 01:52:45 - fontTools.subset - INFO - post pruned
2025-12-10 01:52:45 - fontTools.subset - INFO - DSIG dropped
2025-12-10 01:52:45 - fontTools.subset - INFO - GPOS dropped
2025-12-10 01:52:45 - fontTools.subset - INFO - GSUB dropped
2025-12-10 01:52:45 - fontTools.subset - INFO - glyf pruned
2025-12-10 01:52:45 - fontTools.subset - INFO - Added gid0 to subset
2025-12-10 01:52:45 - fontTools.subset - INFO - Closing glyph list over 'glyf': 63 glyphs before
2025-12-10 01:52:45 - fontTools.subset - INFO - Glyph names: ['.notdef', 'D', 'P', 'R', 'a', 'colon', 'd', 'e', 'eight', 'five', 'four', 'g', 'hyphen', 'i', 'l', 'nine', 'one', 'parenleft', 'parenright', 'percent', 'period', 'plusminus', 's', 'seven', 'six', 'space', 't', 'three', 'two', 'u', 'uni0414', 'uni0418', 'uni041D', 'uni041E', 'uni041F', 'uni0420', 'uni0430', 'uni0431', 'uni0432', 'uni0433', 'uni0434', 'uni0435', 'uni0436', 'uni0437', 'uni0438', 'uni0439', 'uni043B', 'uni043C', 'uni043D', 'uni043E', 'uni043F', 'uni0440', 'uni0441', 'uni0442', 'uni0443', 'uni0444', 'uni0446', 'uni0447', 'uni044B', 'uni044C', 'uni044E', 'uni044F', 'zero']
2025-12-10 01:52:45 - fontTools.subset - INFO - Glyph IDs:   [0, 3, 8, 11, 12, 16, 17, 19, 20, 21, 22, 23, 24, 25, 26, 27, 28, 29, 39, 51, 53, 68, 71, 72, 74, 76, 79, 86, 87, 88, 147, 492, 496, 501, 502, 503, 504, 520, 521, 522, 523, 524, 525, 526, 527, 528, 529, 531, 532, 533, 534, 535, 536, 537, 538, 539, 540, 542, 543, 547, 548, 550, 551]
2025-12-10 01:52:45 - fontTools.subset - INFO - Closed glyph list over 'glyf': 69 glyphs after
2025-12-10 01:52:45 - fontTools.subset - INFO - Glyph names: ['.notdef', 'D', 'H', 'O', 'P', 'R', 'a', 'c', 'colon', 'd', 'e', 'eight', 'five', 'four', 'g', 'hyphen', 'i', 'l', 'nine', 'o', 'one', 'p', 'parenleft', 'parenright', 'percent', 'period', 'plusminus', 's', 'seven', 'six', 'space', 't', 'three', 'two', 'u', 'uni0414', 'uni0418', 'uni041D', 'uni041E', 'uni041F', 'uni0420', 'uni0430', 'uni0431', 'uni0432', 'uni0433', 'uni0434', 'uni0435', 'uni0436', 'uni0437', 'uni0438', 'uni0439', 'uni043B', 'uni043C', 'uni043D', 'uni043E', 'uni043F', 'uni0440', 'uni0441', 'uni0442', 'uni0443', 'uni0444', 'uni0446', 'uni0447', 'uni044B', 'uni044C', 'uni044E', 'uni044F', 'y', 'zero']
2025-12-10 01:52:45 - fontTools.subset - INFO - Glyph IDs:   [0, 3, 8, 11, 12, 16, 17, 19, 20, 21, 22, 23, 24, 25, 26, 27, 28, 29, 39, 43, 50, 51, 53, 68, 70, 71, 72, 74, 76, 79, 82, 83, 86, 87, 88, 92, 147, 492, 496, 501, 502, 503, 504, 520, 521, 522, 523, 524, 525, 526, 527, 528, 529, 531, 532, 533, 534, 535, 536, 537, 538, 539, 540, 542, 543, 547, 548, 550, 551]
2025-12-10 01:52:45 - fontTools.subset - INFO - Retaining 69 glyphs
2025-12-10 01:52:45 - fontTools.subset - INFO - head subsetting not needed
2025-12-10 01:52:45 - fontTools.subset - INFO - hhea subsetting not needed
2025-12-10 01:52:45 - fontTools.subset - INFO - maxp subsetting not needed
2025-12-10 01:52:45 - fontTools.subset - INFO - OS/2 subsetting not needed
2025-12-10 01:52:45 - fontTools.subset - INFO - hmtx subsetted
2025-12-10 01:52:45 - fontTools.subset - INFO - cmap subsetted
2025-12-10 01:52:45 - fontTools.subset - INFO - loca subsetting not needed
2025-12-10 01:52:45 - fontTools.subset - INFO - post subsetted
2025-12-10 01:52:45 - fontTools.subset - INFO - gasp subsetting not needed
2025-12-10 01:52:45 - fontTools.subset - INFO - GDEF subsetted
2025-12-10 01:52:45 - fontTools.subset - INFO - name subsetting not needed
2025-12-10 01:52:45 - fontTools.subset - INFO - glyf subsetted
2025-12-10 01:52:45 - fontTools.subset - INFO - head pruned
2025-12-10 01:52:45 - fontTools.subset - INFO - OS/2 Unicode ranges pruned: [0, 1, 9]
2025-12-10 01:52:45 - fontTools.subset - INFO - OS/2 CodePage ranges pruned: [0]
2025-12-10 01:52:45 - fontTools.subset - INFO - glyf pruned
2025-12-10 01:52:45 - fontTools.subset - INFO - GDEF pruned
2025-12-10 01:52:45 - fontTools.subset - INFO - name pruned
2025-12-10 01:52:45 - fontTools.subset - INFO - maxp pruned
2025-12-10 01:52:45 - fontTools.subset - INFO - LTSH dropped
2025-12-10 01:52:45 - fontTools.subset - INFO - VDMX dropped
2025-12-10 01:52:45 - fontTools.subset - INFO - hdmx dropped
2025-12-10 01:52:45 - fontTools.subset - INFO - cmap pruned
2025-12-10 01:52:45 - fontTools.subset - INFO - fpgm dropped
2025-12-10 01:52:45 - fontTools.subset - INFO - prep dropped
2025-12-10 01:52:45 - fontTools.subset - INFO - cvt  dropped
2025-12-10 01:52:45 - fontTools.subset - INFO - kern dropped
2025-12-10 01:52:45 - fontTools.subset - INFO - post pruned
2025-12-10 01:52:45 - fontTools.subset - INFO - DSIG dropped
2025-12-10 01:52:45 - fontTools.subset - INFO - GPOS dropped
2025-12-10 01:52:45 - fontTools.subset - INFO - GSUB dropped
2025-12-10 01:52:45 - fontTools.subset - INFO - glyf pruned
2025-12-10 01:52:45 - fontTools.subset - INFO - Added gid0 to subset
2025-12-10 01:52:45 - fontTools.subset - INFO - Closing glyph list over 'glyf': 61 glyphs before
2025-12-10 01:52:45 - fontTools.subset - INFO - Glyph names: ['.notdef', 'A', 'E', 'M', 'R', 'S', 'bar', 'colon', 'eight', 'five', 'four', 'hyphen', 'nine', 'one', 'parenleft', 'parenright', 'period', 'seven', 'six', 'space', 'three', 'two', 'uni0412', 'uni0414', 'uni0418', 'uni041A', 'uni041C', 'uni041E', 'uni041F', 'uni0421', 'uni0427', 'uni0430', 'uni0431', 'uni0432', 'uni0433', 'uni0434', 'uni0435', 'uni0436', 'uni0437', 'uni0438', 'uni0439', 'uni043A', 'uni043B', 'uni043C', 'uni043D', 'uni043E', 'uni043F', 'uni0440', 'uni0441', 'uni0442', 'uni0443', 'uni0446', 'uni0447', 'uni0448', 'uni0449', 'uni044A', 'uni044B', 'uni044C', 'uni044E', 'uni044F', 'zero']
2025-12-10 01:52:45 - fontTools.subset - INFO - Glyph IDs:   [0, 3, 11, 12, 16, 17, 19, 20, 21, 22, 23, 24, 25, 26, 27, 28, 29, 36, 40, 48, 53, 54, 95, 490, 492, 496, 498, 500, 502, 503, 505, 511, 520, 521, 522, 523, 524, 525, 526, 527, 528, 529, 530, 531, 532, 533, 534, 535, 536, 537, 538, 539, 542, 543, 544, 545, 546, 547, 548, 550, 551]
2025-12-10 01:52:45 - fontTools.subset - INFO - Closed glyph list over 'glyf': 71 glyphs after
2025-12-10 01:52:45 - fontTools.subset - INFO - Glyph names: ['.notdef', 'A', 'B', 'C', 'E', 'M', 'O', 'R', 'S', 'a', 'bar', 'breve', 'c', 'colon', 'e', 'eight', 'five', 'four', 'hyphen', 'nine', 'o', 'one', 'p', 'parenleft', 'parenright', 'period', 'seven', 'six', 'space', 'three', 'two', 'uni0412', 'uni0414', 'uni0418', 'uni041A', 'uni041C', 'uni041E', 'uni041F', 'uni0421', 'uni0427', 'uni0430', 'uni0431', 'uni0432', 'uni0433', 'uni0434', 'uni0435', 'uni0436', 'uni0437', 'uni0438', 'uni0439', 'uni043A', 'uni043B', 'uni043C', 'uni043D', 'uni043E', 'uni043F', 'uni0440', 'uni0441', 'uni0442', 'uni0443', 'uni0446', 'uni0447', 'uni0448', 'uni0449', 'uni044A', 'uni044B', 'uni044C', 'uni044E', 'uni044F', 'y', 'zero']
2025-12-10 01:52:45 - fontTools.subset - INFO - Glyph IDs:   [0, 3, 11, 12, 16, 17, 19, 20, 21, 22, 23, 24, 25, 26, 27, 28, 29, 36, 37, 38, 40, 48, 50, 53, 54, 68, 70, 72, 82, 83, 92, 95, 217, 490, 492, 496, 498, 500, 502, 503, 505, 511, 520, 521, 522, 523, 524, 525, 526, 527, 528, 529, 530, 531, 532, 533, 534, 535, 536, 537, 538, 539, 542, 543, 544, 545, 546, 547, 548, 550, 551]
2025-12-10 01:52:45 - fontTools.subset - INFO - Retaining 71 glyphs
2025-12-10 01:52:45 - fontTools.subset - INFO - head subsetting not needed
2025-12-10 01:52:45 - fontTools.subset - INFO - hhea subsetting not needed
2025-12-10 01:52:45 - fontTools.subset - INFO - maxp subsetting not needed
2025-12-10 01:52:45 - fontTools.subset - INFO - OS/2 subsetting not needed
2025-12-10 01:52:45 - fontTools.subset - INFO - hmtx subsetted
2025-12-10 01:52:45 - fontTools.subset - INFO - cmap subsetted
2025-12-10 01:52:45 - fontTools.subset - INFO - loca subsetting not needed
2025-12-10 01:52:45 - fontTools.subset - INFO - post subsetted
2025-12-10 01:52:45 - fontTools.subset - INFO - gasp subsetting not needed
2025-12-10 01:52:45 - fontTools.subset - INFO - GDEF subsetted
2025-12-10 01:52:45 - fontTools.subset - INFO - name subsetting not needed
2025-12-10 01:52:45 - fontTools.subset - INFO - glyf subsetted
2025-12-10 01:52:45 - fontTools.subset - INFO - head pruned
2025-12-10 01:52:45 - fontTools.subset - INFO - OS/2 Unicode ranges pruned: [0, 1, 9]
2025-12-10 01:52:45 - fontTools.subset - INFO - OS/2 CodePage ranges pruned: [0]
2025-12-10 01:52:45 - fontTools.subset - INFO - glyf pruned
2025-12-10 01:52:45 - fontTools.subset - INFO - GDEF pruned
2025-12-10 01:52:45 - fontTools.subset - INFO - name pruned
2025-12-10 01:52:46 - fontTools.subset - INFO - maxp pruned
2025-12-10 01:52:46 - fontTools.subset - INFO - cmap pruned
2025-12-10 01:52:46 - fontTools.subset - INFO - prep dropped
2025-12-10 01:52:46 - fontTools.subset - INFO - post pruned
2025-12-10 01:52:46 - fontTools.subset - INFO - DSIG dropped
2025-12-10 01:52:46 - fontTools.subset - INFO - GPOS dropped
2025-12-10 01:52:46 - fontTools.subset - INFO - GSUB dropped
2025-12-10 01:52:46 - fontTools.subset - INFO - gvar pruned
2025-12-10 01:52:46 - fontTools.subset - INFO - glyf pruned
2025-12-10 01:52:46 - fontTools.subset - INFO - Added gid0 to subset
2025-12-10 01:52:46 - fontTools.subset - INFO - Closing glyph list over 'glyf': 2 glyphs before
2025-12-10 01:52:46 - fontTools.subset - INFO - Glyph names: ['.notdef', 'uni20BD']
2025-12-10 01:52:46 - fontTools.subset - INFO - Glyph IDs:   [0, 1908]
2025-12-10 01:52:46 - fontTools.subset - INFO - Closed glyph list over 'glyf': 2 glyphs after
2025-12-10 01:52:46 - fontTools.subset - INFO - Glyph names: ['.notdef', 'uni20BD']
2025-12-10 01:52:46 - fontTools.subset - INFO - Glyph IDs:   [0, 1908]
2025-12-10 01:52:46 - fontTools.subset - INFO - Retaining 2 glyphs
2025-12-10 01:52:46 - fontTools.subset - INFO - head subsetting not needed
2025-12-10 01:52:46 - fontTools.subset - INFO - hhea subsetting not needed
2025-12-10 01:52:46 - fontTools.subset - INFO - maxp subsetting not needed
2025-12-10 01:52:46 - fontTools.subset - INFO - OS/2 subsetting not needed
2025-12-10 01:52:46 - fontTools.subset - INFO - hmtx subsetted
2025-12-10 01:52:46 - fontTools.subset - INFO - cmap subsetted
2025-12-10 01:52:46 - fontTools.subset - INFO - loca subsetting not needed
2025-12-10 01:52:46 - fontTools.subset - INFO - post subsetted
2025-12-10 01:52:46 - fontTools.subset - INFO - gasp subsetting not needed
2025-12-10 01:52:46 - fontTools.subset - INFO - HVAR subsetted
2025-12-10 01:52:46 - fontTools.subset - INFO - STAT subsetting not needed
2025-12-10 01:52:46 - fontTools.subset - INFO - GDEF subsetted
2025-12-10 01:52:46 - fontTools.subset - INFO - fvar subsetting not needed
2025-12-10 01:52:46 - fontTools.subset - INFO - avar subsetting not needed
2025-12-10 01:52:46 - fontTools.subset - INFO - gvar subsetted
2025-12-10 01:52:46 - fontTools.subset - INFO - name subsetting not needed
2025-12-10 01:52:46 - fontTools.subset - INFO - glyf subsetted
2025-12-10 01:52:46 - fontTools.subset - INFO - head pruned
2025-12-10 01:52:46 - fontTools.subset - INFO - OS/2 Unicode ranges pruned: [33]
2025-12-10 01:52:46 - fontTools.subset - INFO - OS/2 CodePage ranges pruned: [0]
2025-12-10 01:52:46 - fontTools.subset - INFO - glyf pruned
2025-12-10 01:52:46 - fontTools.subset - INFO - GDEF pruned
2025-12-10 01:52:46 - fontTools.subset - INFO - name pruned
2025-12-10 01:52:46 - fontTools.varLib.instancer - INFO - Restricted limits: {'wght': (700, 700, 700)}
2025-12-10 01:52:46 - fontTools.varLib.instancer - INFO - Normalized limits: {'wght': (1, 1, 1, 0, 300)}
2025-12-10 01:52:46 - fontTools.varLib.instancer - INFO - Instantiating glyf/gvar tables
2025-12-10 01:52:46 - fontTools.varLib.instancer - INFO - Instantiating HVAR table
2025-12-10 01:52:46 - fontTools.varLib.instancer - INFO - Dropping HVAR table
2025-12-10 01:52:46 - fontTools.varLib.instancer - INFO - Dropping avar table
2025-12-10 01:52:46 - fontTools.varLib.instancer - INFO - Instantiating STAT table
2025-12-10 01:52:46 - fontTools.varLib.instancer - INFO - Dropping fvar table
2025-12-10 01:52:46 - fontTools.varLib.instancer - INFO - Pruning name table
2025-12-10 01:52:46 - fontTools.varLib - INFO - Setting OS/2.usWeightClass = 700
2025-12-10 01:52:46 - fontTools.subset - INFO - maxp pruned
2025-12-10 01:52:46 - fontTools.subset - INFO - cmap pruned
2025-12-10 01:52:46 - fontTools.subset - INFO - prep dropped
2025-12-10 01:52:46 - fontTools.subset - INFO - post pruned
2025-12-10 01:52:46 - fontTools.subset - INFO - DSIG dropped
2025-12-10 01:52:46 - fontTools.subset - INFO - GPOS dropped
2025-12-10 01:52:46 - fontTools.subset - INFO - GSUB dropped
2025-12-10 01:52:46 - fontTools.subset - INFO - gvar pruned
2025-12-10 01:52:46 - fontTools.subset - INFO - glyf pruned
2025-12-10 01:52:46 - fontTools.subset - INFO - Added gid0 to subset
2025-12-10 01:52:46 - fontTools.subset - INFO - Closing glyph list over 'glyf': 2 glyphs before
2025-12-10 01:52:46 - fontTools.subset - INFO - Glyph names: ['.notdef', 'uni20BD']
2025-12-10 01:52:46 - fontTools.subset - INFO - Glyph IDs:   [0, 1908]
2025-12-10 01:52:46 - fontTools.subset - INFO - Closed glyph list over 'glyf': 2 glyphs after
2025-12-10 01:52:46 - fontTools.subset - INFO - Glyph names: ['.notdef', 'uni20BD']
2025-12-10 01:52:46 - fontTools.subset - INFO - Glyph IDs:   [0, 1908]
2025-12-10 01:52:46 - fontTools.subset - INFO - Retaining 2 glyphs
2025-12-10 01:52:46 - fontTools.subset - INFO - head subsetting not needed
2025-12-10 01:52:46 - fontTools.subset - INFO - hhea subsetting not needed
2025-12-10 01:52:46 - fontTools.subset - INFO - maxp subsetting not needed
2025-12-10 01:52:46 - fontTools.subset - INFO - OS/2 subsetting not needed
2025-12-10 01:52:46 - fontTools.subset - INFO - hmtx subsetted
2025-12-10 01:52:46 - fontTools.subset - INFO - cmap subsetted
2025-12-10 01:52:46 - fontTools.subset - INFO - loca subsetting not needed
2025-12-10 01:52:46 - fontTools.subset - INFO - post subsetted
2025-12-10 01:52:46 - fontTools.subset - INFO - gasp subsetting not needed
2025-12-10 01:52:46 - fontTools.subset - INFO - HVAR subsetted
2025-12-10 01:52:46 - fontTools.subset - INFO - STAT subsetting not needed
2025-12-10 01:52:46 - fontTools.subset - INFO - GDEF subsetted
2025-12-10 01:52:46 - fontTools.subset - INFO - fvar subsetting not needed
2025-12-10 01:52:46 - fontTools.subset - INFO - avar subsetting not needed
2025-12-10 01:52:46 - fontTools.subset - INFO - gvar subsetted
2025-12-10 01:52:46 - fontTools.subset - INFO - name subsetting not needed
2025-12-10 01:52:46 - fontTools.subset - INFO - glyf subsetted
2025-12-10 01:52:46 - fontTools.subset - INFO - head pruned
2025-12-10 01:52:46 - fontTools.subset - INFO - OS/2 Unicode ranges pruned: [33]
2025-12-10 01:52:46 - fontTools.subset - INFO - OS/2 CodePage ranges pruned: [0]
2025-12-10 01:52:46 - fontTools.subset - INFO - glyf pruned
2025-12-10 01:52:46 - fontTools.subset - INFO - GDEF pruned
2025-12-10 01:52:46 - fontTools.subset - INFO - name pruned
2025-12-10 01:52:46 - fontTools.varLib.instancer - INFO - Restricted limits: {'wght': (700, 700, 700)}
2025-12-10 01:52:46 - fontTools.varLib.instancer - INFO - Normalized limits: {'wght': (1, 1, 1, 0, 300)}
2025-12-10 01:52:46 - fontTools.varLib.instancer - INFO - Instantiating glyf/gvar tables
2025-12-10 01:52:46 - fontTools.varLib.instancer - INFO - Instantiating HVAR table
2025-12-10 01:52:46 - fontTools.varLib.instancer - INFO - Dropping HVAR table
2025-12-10 01:52:46 - fontTools.varLib.instancer - INFO - Dropping avar table
2025-12-10 01:52:46 - fontTools.varLib.instancer - INFO - Instantiating STAT table
2025-12-10 01:52:46 - fontTools.varLib.instancer - INFO - Dropping fvar table
2025-12-10 01:52:46 - fontTools.varLib.instancer - INFO - Pruning name table
2025-12-10 01:52:46 - fontTools.varLib - INFO - Setting OS/2.usWeightClass = 700
2025-12-10 01:52:46 - fontTools.subset - INFO - maxp pruned
2025-12-10 01:52:46 - fontTools.subset - INFO - cmap pruned
2025-12-10 01:52:46 - fontTools.subset - INFO - post pruned
2025-12-10 01:52:46 - fontTools.subset - INFO - CFF  pruned
2025-12-10 01:52:46 - fontTools.subset - INFO - DSIG dropped
2025-12-10 01:52:46 - fontTools.subset - INFO - GPOS dropped
2025-12-10 01:52:46 - fontTools.subset - INFO - GSUB dropped
2025-12-10 01:52:46 - fontTools.subset - INFO - Added .notdef to subset
2025-12-10 01:52:46 - fontTools.subset - INFO - Closing glyph list over 'CFF ': 3 glyphs before
2025-12-10 01:52:46 - fontTools.subset - INFO - Glyph names: ['.notdef', 'space', 'uni20BD']
2025-12-10 01:52:46 - fontTools.subset - INFO - Glyph IDs:   [0, 23, 1116]
2025-12-10 01:52:46 - fontTools.subset - INFO - Closed glyph list over 'CFF ': 3 glyphs after
2025-12-10 01:52:46 - fontTools.subset - INFO - Glyph names: ['.notdef', 'space', 'uni20BD']
2025-12-10 01:52:46 - fontTools.subset - INFO - Glyph IDs:   [0, 23, 1116]
2025-12-10 01:52:46 - fontTools.subset - INFO - Retaining 3 glyphs
2025-12-10 01:52:46 - fontTools.subset - INFO - head subsetting not needed
2025-12-10 01:52:46 - fontTools.subset - INFO - hhea subsetting not needed
2025-12-10 01:52:46 - fontTools.subset - INFO - maxp subsetting not needed
2025-12-10 01:52:46 - fontTools.subset - INFO - OS/2 subsetting not needed
2025-12-10 01:52:46 - fontTools.subset - INFO - cmap subsetted
2025-12-10 01:52:46 - fontTools.subset - INFO - post subsetted
2025-12-10 01:52:46 - fontTools.subset - INFO - CFF  subsetted
2025-12-10 01:52:46 - fontTools.subset - INFO - hmtx subsetted
2025-12-10 01:52:46 - fontTools.subset - INFO - meta NOT subset; don't know how to subset
2025-12-10 01:52:46 - fontTools.subset - INFO - name subsetting not needed
2025-12-10 01:52:46 - fontTools.subset - INFO - head pruned
2025-12-10 01:52:46 - fontTools.subset - INFO - OS/2 Unicode ranges pruned: [0, 33]
2025-12-10 01:52:46 - fontTools.subset - INFO - OS/2 CodePage ranges pruned: [0]
2025-12-10 01:52:46 - fontTools.subset - INFO - CFF  pruned
2025-12-10 01:52:46 - fontTools.subset - INFO - name pruned
2025-12-10 01:52:49 - __main__ - INFO - Отчет по прогнозам сохранен: /Users/nayeon/Downloads/2.pdf
2025-12-10 01:52:51 - weasyprint - WARNING - Ignored `min-height: 100vh` at 6:21, invalid value.
2025-12-10 01:52:51 - weasyprint - WARNING - Ignored `box-shadow: 0 5px 15px rgba(0,0,0,0.08)` at 14:21, unknown property.
2025-12-10 01:52:51 - weasyprint - WARNING - Ignored `box-shadow: 0 1px 3px rgba(0,0,0,0.05)` at 41:21, unknown property.
2025-12-10 01:52:52 - fontTools.subset - INFO - maxp pruned
2025-12-10 01:52:52 - fontTools.subset - INFO - LTSH dropped
2025-12-10 01:52:52 - fontTools.subset - INFO - VDMX dropped
2025-12-10 01:52:52 - fontTools.subset - INFO - hdmx dropped
2025-12-10 01:52:52 - fontTools.subset - INFO - cmap pruned
2025-12-10 01:52:52 - fontTools.subset - INFO - fpgm dropped
2025-12-10 01:52:52 - fontTools.subset - INFO - prep dropped
2025-12-10 01:52:52 - fontTools.subset - INFO - cvt  dropped
2025-12-10 01:52:52 - fontTools.subset - INFO - post pruned
2025-12-10 01:52:52 - fontTools.subset - INFO - DSIG dropped
2025-12-10 01:52:52 - fontTools.subset - INFO - GPOS dropped
2025-12-10 01:52:52 - fontTools.subset - INFO - GSUB dropped
2025-12-10 01:52:52 - fontTools.subset - INFO - glyf pruned
2025-12-10 01:52:52 - fontTools.subset - INFO - Added gid0 to subset
2025-12-10 01:52:52 - fontTools.subset - INFO - Closing glyph list over 'glyf': 72 glyphs before
2025-12-10 01:52:52 - fontTools.subset - INFO - Glyph names: ['.notdef', 'D', 'P', 'R', 'a', 'colon', 'd', 'e', 'eight', 'five', 'four', 'g', 'hyphen', 'i', 'l', 'nine', 'one', 'parenleft', 'parenright', 'percent', 'period', 'plusminus', 's', 'seven', 'six', 'space', 't', 'three', 'two', 'u', 'uni0412', 'uni0414', 'uni0418', 'uni041A', 'uni041C', 'uni041D', 'uni041E', 'uni041F', 'uni0420', 'uni0421', 'uni0422', 'uni0430', 'uni0431', 'uni0432', 'uni0433', 'uni0434', 'uni0435', 'uni0436', 'uni0437', 'uni0438', 'uni0439', 'uni043A', 'uni043B', 'uni043C', 'uni043D', 'uni043E', 'uni043F', 'uni0440', 'uni0441', 'uni0442', 'uni0443', 'uni0444', 'uni0445', 'uni0446', 'uni0447', 'uni0449', 'uni044A', 'uni044B', 'uni044C', 'uni044E', 'uni044F', 'zero']
2025-12-10 01:52:52 - fontTools.subset - INFO - Glyph IDs:   [0, 3, 8, 11, 12, 16, 17, 19, 20, 21, 22, 23, 24, 25, 26, 27, 28, 29, 39, 51, 53, 68, 71, 72, 74, 76, 79, 86, 87, 88, 147, 490, 492, 496, 498, 500, 501, 502, 503, 504, 505, 506, 520, 521, 522, 523, 524, 525, 526, 527, 528, 529, 530, 531, 532, 533, 534, 535, 536, 537, 538, 539, 540, 541, 542, 543, 545, 546, 547, 548, 550, 551]
2025-12-10 01:52:52 - fontTools.subset - INFO - Closed glyph list over 'glyf': 83 glyphs after
2025-12-10 01:52:52 - fontTools.subset - INFO - Glyph names: ['.notdef', 'B', 'C', 'D', 'H', 'M', 'O', 'P', 'R', 'T', 'a', 'c', 'colon', 'd', 'e', 'eight', 'five', 'four', 'g', 'hyphen', 'i', 'l', 'nine', 'o', 'one', 'p', 'parenleft', 'parenright', 'percent', 'period', 'plusminus', 's', 'seven', 'six', 'space', 't', 'three', 'two', 'u', 'uni0412', 'uni0414', 'uni0418', 'uni041A', 'uni041C', 'uni041D', 'uni041E', 'uni041F', 'uni0420', 'uni0421', 'uni0422', 'uni0430', 'uni0431', 'uni0432', 'uni0433', 'uni0434', 'uni0435', 'uni0436', 'uni0437', 'uni0438', 'uni0439', 'uni043A', 'uni043B', 'uni043C', 'uni043D', 'uni043E', 'uni043F', 'uni0440', 'uni0441', 'uni0442', 'uni0443', 'uni0444', 'uni0445', 'uni0446', 'uni0447', 'uni0449', 'uni044A', 'uni044B', 'uni044C', 'uni044E', 'uni044F', 'x', 'y', 'zero']
2025-12-10 01:52:52 - fontTools.subset - INFO - Glyph IDs:   [0, 3, 8, 11, 12, 16, 17, 19, 20, 21, 22, 23, 24, 25, 26, 27, 28, 29, 37, 38, 39, 43, 48, 50, 51, 53, 55, 68, 70, 71, 72, 74, 76, 79, 82, 83, 86, 87, 88, 91, 92, 147, 490, 492, 496, 498, 500, 501, 502, 503, 504, 505, 506, 520, 521, 522, 523, 524, 525, 526, 527, 528, 529, 530, 531, 532, 533, 534, 535, 536, 537, 538, 539, 540, 541, 542, 543, 545, 546, 547, 548, 550, 551]
2025-12-10 01:52:52 - fontTools.subset - INFO - Retaining 83 glyphs
2025-12-10 01:52:52 - fontTools.subset - INFO - head subsetting not needed
2025-12-10 01:52:52 - fontTools.subset - INFO - hhea subsetting not needed
2025-12-10 01:52:52 - fontTools.subset - INFO - maxp subsetting not needed
2025-12-10 01:52:52 - fontTools.subset - INFO - OS/2 subsetting not needed
2025-12-10 01:52:52 - fontTools.subset - INFO - hmtx subsetted
2025-12-10 01:52:52 - fontTools.subset - INFO - cmap subsetted
2025-12-10 01:52:52 - fontTools.subset - INFO - loca subsetting not needed
2025-12-10 01:52:52 - fontTools.subset - INFO - post subsetted
2025-12-10 01:52:52 - fontTools.subset - INFO - gasp subsetting not needed
2025-12-10 01:52:52 - fontTools.subset - INFO - GDEF subsetted
2025-12-10 01:52:52 - fontTools.subset - INFO - name subsetting not needed
2025-12-10 01:52:52 - fontTools.subset - INFO - glyf subsetted
2025-12-10 01:52:52 - fontTools.subset - INFO - head pruned
2025-12-10 01:52:52 - fontTools.subset - INFO - OS/2 Unicode ranges pruned: [0, 1, 9]
2025-12-10 01:52:52 - fontTools.subset - INFO - OS/2 CodePage ranges pruned: [0]
2025-12-10 01:52:52 - fontTools.subset - INFO - glyf pruned
2025-12-10 01:52:52 - fontTools.subset - INFO - GDEF pruned
2025-12-10 01:52:52 - fontTools.subset - INFO - name pruned
2025-12-10 01:52:52 - fontTools.subset - INFO - maxp pruned
2025-12-10 01:52:52 - fontTools.subset - INFO - LTSH dropped
2025-12-10 01:52:52 - fontTools.subset - INFO - VDMX dropped
2025-12-10 01:52:52 - fontTools.subset - INFO - hdmx dropped
2025-12-10 01:52:52 - fontTools.subset - INFO - cmap pruned
2025-12-10 01:52:52 - fontTools.subset - INFO - fpgm dropped
2025-12-10 01:52:52 - fontTools.subset - INFO - prep dropped
2025-12-10 01:52:52 - fontTools.subset - INFO - cvt  dropped
2025-12-10 01:52:52 - fontTools.subset - INFO - kern dropped
2025-12-10 01:52:52 - fontTools.subset - INFO - post pruned
2025-12-10 01:52:52 - fontTools.subset - INFO - DSIG dropped
2025-12-10 01:52:52 - fontTools.subset - INFO - GPOS dropped
2025-12-10 01:52:52 - fontTools.subset - INFO - GSUB dropped
2025-12-10 01:52:52 - fontTools.subset - INFO - glyf pruned
2025-12-10 01:52:52 - fontTools.subset - INFO - Added gid0 to subset
2025-12-10 01:52:52 - fontTools.subset - INFO - Closing glyph list over 'glyf': 67 glyphs before
2025-12-10 01:52:52 - fontTools.subset - INFO - Glyph names: ['.notdef', 'A', 'E', 'M', 'R', 'S', 'bar', 'colon', 'eight', 'five', 'four', 'hyphen', 'nine', 'one', 'parenleft', 'parenright', 'percent', 'period', 'seven', 'six', 'space', 'three', 'two', 'uni0411', 'uni0412', 'uni0414', 'uni0418', 'uni041A', 'uni041C', 'uni041E', 'uni041F', 'uni0420', 'uni0421', 'uni0424', 'uni0427', 'uni042F', 'uni0430', 'uni0431', 'uni0432', 'uni0433', 'uni0434', 'uni0435', 'uni0436', 'uni0437', 'uni0438', 'uni0439', 'uni043A', 'uni043B', 'uni043C', 'uni043D', 'uni043E', 'uni043F', 'uni0440', 'uni0441', 'uni0442', 'uni0443', 'uni0445', 'uni0446', 'uni0447', 'uni0448', 'uni0449', 'uni044A', 'uni044B', 'uni044C', 'uni044E', 'uni044F', 'zero']
2025-12-10 01:52:52 - fontTools.subset - INFO - Glyph IDs:   [0, 3, 8, 11, 12, 16, 17, 19, 20, 21, 22, 23, 24, 25, 26, 27, 28, 29, 36, 40, 48, 53, 54, 95, 489, 490, 492, 496, 498, 500, 502, 503, 504, 505, 508, 511, 519, 520, 521, 522, 523, 524, 525, 526, 527, 528, 529, 530, 531, 532, 533, 534, 535, 536, 537, 538, 539, 541, 542, 543, 544, 545, 546, 547, 548, 550, 551]
2025-12-10 01:52:52 - fontTools.subset - INFO - Closed glyph list over 'glyf': 79 glyphs after
2025-12-10 01:52:52 - fontTools.subset - INFO - Glyph names: ['.notdef', 'A', 'B', 'C', 'E', 'M', 'O', 'P', 'R', 'S', 'a', 'bar', 'breve', 'c', 'colon', 'e', 'eight', 'five', 'four', 'hyphen', 'nine', 'o', 'one', 'p', 'parenleft', 'parenright', 'percent', 'period', 'seven', 'six', 'space', 'three', 'two', 'uni0411', 'uni0412', 'uni0414', 'uni0418', 'uni041A', 'uni041C', 'uni041E', 'uni041F', 'uni0420', 'uni0421', 'uni0424', 'uni0427', 'uni042F', 'uni0430', 'uni0431', 'uni0432', 'uni0433', 'uni0434', 'uni0435', 'uni0436', 'uni0437', 'uni0438', 'uni0439', 'uni043A', 'uni043B', 'uni043C', 'uni043D', 'uni043E', 'uni043F', 'uni0440', 'uni0441', 'uni0442', 'uni0443', 'uni0445', 'uni0446', 'uni0447', 'uni0448', 'uni0449', 'uni044A', 'uni044B', 'uni044C', 'uni044E', 'uni044F', 'x', 'y', 'zero']
2025-12-10 01:52:52 - fontTools.subset - INFO - Glyph IDs:   [0, 3, 8, 11, 12, 16, 17, 19, 20, 21, 22, 23, 24, 25, 26, 27, 28, 29, 36, 37, 38, 40, 48, 50, 51, 53, 54, 68, 70, 72, 82, 83, 91, 92, 95, 217, 489, 490, 492, 496, 498, 500, 502, 503, 504, 505, 508, 511, 519, 520, 521, 522, 523, 524, 525, 526, 527, 528, 529, 530, 531, 532, 533, 534, 535, 536, 537, 538, 539, 541, 542, 543, 544, 545, 546, 547, 548, 550, 551]
2025-12-10 01:52:52 - fontTools.subset - INFO - Retaining 79 glyphs
2025-12-10 01:52:52 - fontTools.subset - INFO - head subsetting not needed
2025-12-10 01:52:52 - fontTools.subset - INFO - hhea subsetting not needed
2025-12-10 01:52:52 - fontTools.subset - INFO - maxp subsetting not needed
2025-12-10 01:52:52 - fontTools.subset - INFO - OS/2 subsetting not needed
2025-12-10 01:52:52 - fontTools.subset - INFO - hmtx subsetted
2025-12-10 01:52:52 - fontTools.subset - INFO - cmap subsetted
2025-12-10 01:52:52 - fontTools.subset - INFO - loca subsetting not needed
2025-12-10 01:52:52 - fontTools.subset - INFO - post subsetted
2025-12-10 01:52:52 - fontTools.subset - INFO - gasp subsetting not needed
2025-12-10 01:52:52 - fontTools.subset - INFO - GDEF subsetted
2025-12-10 01:52:52 - fontTools.subset - INFO - name subsetting not needed
2025-12-10 01:52:52 - fontTools.subset - INFO - glyf subsetted
2025-12-10 01:52:52 - fontTools.subset - INFO - head pruned
2025-12-10 01:52:52 - fontTools.subset - INFO - OS/2 Unicode ranges pruned: [0, 1, 9]
2025-12-10 01:52:52 - fontTools.subset - INFO - OS/2 CodePage ranges pruned: [2]
2025-12-10 01:52:52 - fontTools.subset - INFO - glyf pruned
2025-12-10 01:52:52 - fontTools.subset - INFO - GDEF pruned
2025-12-10 01:52:52 - fontTools.subset - INFO - name pruned
2025-12-10 01:52:52 - fontTools.subset - INFO - maxp pruned
2025-12-10 01:52:52 - fontTools.subset - INFO - cmap pruned
2025-12-10 01:52:52 - fontTools.subset - INFO - prep dropped
2025-12-10 01:52:52 - fontTools.subset - INFO - post pruned
2025-12-10 01:52:52 - fontTools.subset - INFO - DSIG dropped
2025-12-10 01:52:52 - fontTools.subset - INFO - GPOS dropped
2025-12-10 01:52:52 - fontTools.subset - INFO - GSUB dropped
2025-12-10 01:52:52 - fontTools.subset - INFO - gvar pruned
2025-12-10 01:52:52 - fontTools.subset - INFO - glyf pruned
2025-12-10 01:52:52 - fontTools.subset - INFO - Added gid0 to subset
2025-12-10 01:52:52 - fontTools.subset - INFO - Closing glyph list over 'glyf': 2 glyphs before
2025-12-10 01:52:52 - fontTools.subset - INFO - Glyph names: ['.notdef', 'uni20BD']
2025-12-10 01:52:52 - fontTools.subset - INFO - Glyph IDs:   [0, 1908]
2025-12-10 01:52:52 - fontTools.subset - INFO - Closed glyph list over 'glyf': 2 glyphs after
2025-12-10 01:52:52 - fontTools.subset - INFO - Glyph names: ['.notdef', 'uni20BD']
2025-12-10 01:52:52 - fontTools.subset - INFO - Glyph IDs:   [0, 1908]
2025-12-10 01:52:52 - fontTools.subset - INFO - Retaining 2 glyphs
2025-12-10 01:52:52 - fontTools.subset - INFO - head subsetting not needed
2025-12-10 01:52:52 - fontTools.subset - INFO - hhea subsetting not needed
2025-12-10 01:52:52 - fontTools.subset - INFO - maxp subsetting not needed
2025-12-10 01:52:52 - fontTools.subset - INFO - OS/2 subsetting not needed
2025-12-10 01:52:52 - fontTools.subset - INFO - hmtx subsetted
2025-12-10 01:52:52 - fontTools.subset - INFO - cmap subsetted
2025-12-10 01:52:52 - fontTools.subset - INFO - loca subsetting not needed
2025-12-10 01:52:52 - fontTools.subset - INFO - post subsetted
2025-12-10 01:52:52 - fontTools.subset - INFO - gasp subsetting not needed
2025-12-10 01:52:52 - fontTools.subset - INFO - HVAR subsetted
2025-12-10 01:52:52 - fontTools.subset - INFO - STAT subsetting not needed
2025-12-10 01:52:52 - fontTools.subset - INFO - GDEF subsetted
2025-12-10 01:52:52 - fontTools.subset - INFO - fvar subsetting not needed
2025-12-10 01:52:52 - fontTools.subset - INFO - avar subsetting not needed
2025-12-10 01:52:52 - fontTools.subset - INFO - gvar subsetted
2025-12-10 01:52:52 - fontTools.subset - INFO - name subsetting not needed
2025-12-10 01:52:52 - fontTools.subset - INFO - glyf subsetted
2025-12-10 01:52:52 - fontTools.subset - INFO - head pruned
2025-12-10 01:52:52 - fontTools.subset - INFO - OS/2 Unicode ranges pruned: [33]
2025-12-10 01:52:52 - fontTools.subset - INFO - OS/2 CodePage ranges pruned: [0]
2025-12-10 01:52:52 - fontTools.subset - INFO - glyf pruned
2025-12-10 01:52:52 - fontTools.subset - INFO - GDEF pruned
2025-12-10 01:52:52 - fontTools.subset - INFO - name pruned
2025-12-10 01:52:52 - fontTools.varLib.instancer - INFO - Restricted limits: {'wght': (700, 700, 700)}
2025-12-10 01:52:52 - fontTools.varLib.instancer - INFO - Normalized limits: {'wght': (1, 1, 1, 0, 300)}
2025-12-10 01:52:52 - fontTools.varLib.instancer - INFO - Instantiating glyf/gvar tables
2025-12-10 01:52:52 - fontTools.varLib.instancer - INFO - Instantiating HVAR table
2025-12-10 01:52:52 - fontTools.varLib.instancer - INFO - Dropping HVAR table
2025-12-10 01:52:52 - fontTools.varLib.instancer - INFO - Dropping avar table
2025-12-10 01:52:52 - fontTools.varLib.instancer - INFO - Instantiating STAT table
2025-12-10 01:52:52 - fontTools.varLib.instancer - INFO - Dropping fvar table
2025-12-10 01:52:52 - fontTools.varLib.instancer - INFO - Pruning name table
2025-12-10 01:52:52 - fontTools.varLib - INFO - Setting OS/2.usWeightClass = 700
2025-12-10 01:52:52 - fontTools.subset - INFO - maxp pruned
2025-12-10 01:52:52 - fontTools.subset - INFO - cmap pruned
2025-12-10 01:52:52 - fontTools.subset - INFO - prep dropped
2025-12-10 01:52:52 - fontTools.subset - INFO - post pruned
2025-12-10 01:52:52 - fontTools.subset - INFO - DSIG dropped
2025-12-10 01:52:52 - fontTools.subset - INFO - GPOS dropped
2025-12-10 01:52:52 - fontTools.subset - INFO - GSUB dropped
2025-12-10 01:52:52 - fontTools.subset - INFO - gvar pruned
2025-12-10 01:52:52 - fontTools.subset - INFO - glyf pruned
2025-12-10 01:52:52 - fontTools.subset - INFO - Added gid0 to subset
2025-12-10 01:52:52 - fontTools.subset - INFO - Closing glyph list over 'glyf': 2 glyphs before
2025-12-10 01:52:52 - fontTools.subset - INFO - Glyph names: ['.notdef', 'uni20BD']
2025-12-10 01:52:52 - fontTools.subset - INFO - Glyph IDs:   [0, 1908]
2025-12-10 01:52:52 - fontTools.subset - INFO - Closed glyph list over 'glyf': 2 glyphs after
2025-12-10 01:52:52 - fontTools.subset - INFO - Glyph names: ['.notdef', 'uni20BD']
2025-12-10 01:52:52 - fontTools.subset - INFO - Glyph IDs:   [0, 1908]
2025-12-10 01:52:52 - fontTools.subset - INFO - Retaining 2 glyphs
2025-12-10 01:52:52 - fontTools.subset - INFO - head subsetting not needed
2025-12-10 01:52:52 - fontTools.subset - INFO - hhea subsetting not needed
2025-12-10 01:52:52 - fontTools.subset - INFO - maxp subsetting not needed
2025-12-10 01:52:52 - fontTools.subset - INFO - OS/2 subsetting not needed
2025-12-10 01:52:52 - fontTools.subset - INFO - hmtx subsetted
2025-12-10 01:52:52 - fontTools.subset - INFO - cmap subsetted
2025-12-10 01:52:52 - fontTools.subset - INFO - loca subsetting not needed
2025-12-10 01:52:52 - fontTools.subset - INFO - post subsetted
2025-12-10 01:52:52 - fontTools.subset - INFO - gasp subsetting not needed
2025-12-10 01:52:53 - fontTools.subset - INFO - HVAR subsetted
2025-12-10 01:52:53 - fontTools.subset - INFO - STAT subsetting not needed
2025-12-10 01:52:53 - fontTools.subset - INFO - GDEF subsetted
2025-12-10 01:52:53 - fontTools.subset - INFO - fvar subsetting not needed
2025-12-10 01:52:53 - fontTools.subset - INFO - avar subsetting not needed
2025-12-10 01:52:53 - fontTools.subset - INFO - gvar subsetted
2025-12-10 01:52:53 - fontTools.subset - INFO - name subsetting not needed
2025-12-10 01:52:53 - fontTools.subset - INFO - glyf subsetted
2025-12-10 01:52:53 - fontTools.subset - INFO - head pruned
2025-12-10 01:52:53 - fontTools.subset - INFO - OS/2 Unicode ranges pruned: [33]
2025-12-10 01:52:53 - fontTools.subset - INFO - OS/2 CodePage ranges pruned: [0]
2025-12-10 01:52:53 - fontTools.subset - INFO - glyf pruned
2025-12-10 01:52:53 - fontTools.subset - INFO - GDEF pruned
2025-12-10 01:52:53 - fontTools.subset - INFO - name pruned
2025-12-10 01:52:53 - fontTools.varLib.instancer - INFO - Restricted limits: {'wght': (700, 700, 700)}
2025-12-10 01:52:53 - fontTools.varLib.instancer - INFO - Normalized limits: {'wght': (1, 1, 1, 0, 300)}
2025-12-10 01:52:53 - fontTools.varLib.instancer - INFO - Instantiating glyf/gvar tables
2025-12-10 01:52:53 - fontTools.varLib.instancer - INFO - Instantiating HVAR table
2025-12-10 01:52:53 - fontTools.varLib.instancer - INFO - Dropping HVAR table
2025-12-10 01:52:53 - fontTools.varLib.instancer - INFO - Dropping avar table
2025-12-10 01:52:53 - fontTools.varLib.instancer - INFO - Instantiating STAT table
2025-12-10 01:52:53 - fontTools.varLib.instancer - INFO - Dropping fvar table
2025-12-10 01:52:53 - fontTools.varLib.instancer - INFO - Pruning name table
2025-12-10 01:52:53 - fontTools.varLib - INFO - Setting OS/2.usWeightClass = 700
2025-12-10 01:52:53 - fontTools.subset - INFO - maxp pruned
2025-12-10 01:52:53 - fontTools.subset - INFO - cmap pruned
2025-12-10 01:52:53 - fontTools.subset - INFO - post pruned
2025-12-10 01:52:53 - fontTools.subset - INFO - CFF  pruned
2025-12-10 01:52:53 - fontTools.subset - INFO - DSIG dropped
2025-12-10 01:52:53 - fontTools.subset - INFO - GPOS dropped
2025-12-10 01:52:53 - fontTools.subset - INFO - GSUB dropped
2025-12-10 01:52:53 - fontTools.subset - INFO - Added .notdef to subset
2025-12-10 01:52:53 - fontTools.subset - INFO - Closing glyph list over 'CFF ': 3 glyphs before
2025-12-10 01:52:53 - fontTools.subset - INFO - Glyph names: ['.notdef', 'space', 'uni20BD']
2025-12-10 01:52:53 - fontTools.subset - INFO - Glyph IDs:   [0, 23, 1116]
2025-12-10 01:52:53 - fontTools.subset - INFO - Closed glyph list over 'CFF ': 3 glyphs after
2025-12-10 01:52:53 - fontTools.subset - INFO - Glyph names: ['.notdef', 'space', 'uni20BD']
2025-12-10 01:52:53 - fontTools.subset - INFO - Glyph IDs:   [0, 23, 1116]
2025-12-10 01:52:53 - fontTools.subset - INFO - Retaining 3 glyphs
2025-12-10 01:52:53 - fontTools.subset - INFO - head subsetting not needed
2025-12-10 01:52:53 - fontTools.subset - INFO - hhea subsetting not needed
2025-12-10 01:52:53 - fontTools.subset - INFO - maxp subsetting not needed
2025-12-10 01:52:53 - fontTools.subset - INFO - OS/2 subsetting not needed
2025-12-10 01:52:53 - fontTools.subset - INFO - cmap subsetted
2025-12-10 01:52:53 - fontTools.subset - INFO - post subsetted
2025-12-10 01:52:53 - fontTools.subset - INFO - CFF  subsetted
2025-12-10 01:52:53 - fontTools.subset - INFO - hmtx subsetted
2025-12-10 01:52:53 - fontTools.subset - INFO - meta NOT subset; don't know how to subset
2025-12-10 01:52:53 - fontTools.subset - INFO - name subsetting not needed
2025-12-10 01:52:53 - fontTools.subset - INFO - head pruned
2025-12-10 01:52:53 - fontTools.subset - INFO - OS/2 Unicode ranges pruned: [0, 33]
2025-12-10 01:52:53 - fontTools.subset - INFO - OS/2 CodePage ranges pruned: [0]
2025-12-10 01:52:53 - fontTools.subset - INFO - CFF  pruned
2025-12-10 01:52:53 - fontTools.subset - INFO - name pruned
2025-12-10 01:52:57 - __main__ - INFO - Полный отчет сохранен: /Users/nayeon/Downloads/3.pdf
