2025-12-18 16:49:10 - root - INFO - Система логирования инициализирована
2025-12-18 16:49:25 - data_manager - INFO - Загрузка данных из /Users/nayeon/Documents/GitHub/DataPulse/c.csv
2025-12-18 16:49:25 - data_manager - INFO - Успешно загружено 40 записей
2025-12-18 16:49:25 - data_manager - INFO - Начало обработки данных
2025-12-18 16:49:26 - data_manager - INFO - Валидация данных пройдена успешно
2025-12-18 16:49:26 - data_manager - INFO - Обработка завершена. Итоговых записей: 40
2025-12-18 16:49:35 - __main__ - INFO - ==================================================
2025-12-18 16:49:35 - __main__ - INFO - НАЧАЛО ПРОГНОЗИРОВАНИЯ
2025-12-18 16:49:35 - __main__ - INFO - Размер обучающих данных: 40
2025-12-18 16:49:35 - __main__ - INFO - Диапазон дат: 2024-01-01 00:00:00 - 2024-02-09 00:00:00
2025-12-18 16:49:35 - __main__ - INFO - Диапазон продаж: 1008 - 2996
2025-12-18 16:49:35 - __main__ - INFO - Средние продажи: 2025
2025-12-18 16:49:35 - __main__ - INFO - Медиана продаж: 2031
2025-12-18 16:49:35 - __main__ - INFO - Последние 7 дней: 2847 в среднем
2025-12-18 16:49:35 - __main__ - INFO - Тренд последних 7 дней: 11.61%
2025-12-18 16:49:35 - ml_engine - INFO - Используются последние 23 дней для обучения
2025-12-18 16:49:35 - ml_engine - INFO - Лучший alpha: 0.1
2025-12-18 16:49:35 - ml_engine - INFO - Средняя выручка: 2846.99
2025-12-18 16:49:35 - ml_engine - INFO - MAE: 25.41 руб. (0.9%)
2025-12-18 16:49:35 - ml_engine - INFO - RMSE: 27.14 руб. (1.0%)
2025-12-18 16:49:35 - __main__ - INFO - РЕЗУЛЬТАТЫ ПРОГНОЗА:
2025-12-18 16:49:35 - __main__ - INFO - Прогнозируемые значения: ['3004', '3029', '3053', '3077', '3100', '3123', '3146']
2025-12-18 16:49:35 - __main__ - INFO - Средний прогноз: 3076
2025-12-18 16:49:35 - __main__ - INFO - Диапазон прогноза: 3004 - 3146
2025-12-18 16:49:35 - __main__ - INFO - ДЕТАЛЬНЫЙ АНАЛИЗ СОГЛАСОВАННОСТИ:
2025-12-18 16:49:35 - __main__ - INFO - История (30 дней): ср=2278, мед=2265
2025-12-18 16:49:35 - __main__ - INFO - Прогноз (7 дней):  ср=3076, мед=3077
2025-12-18 16:49:35 - __main__ - INFO - Отклонение среднего: +35.0%
2025-12-18 16:49:35 - __main__ - INFO - Отклонение медианы: +35.9%
2025-12-18 16:49:35 - __main__ - INFO - Добавлены доверительные интервалы: ±15.0%
2025-12-18 16:49:35 - __main__ - INFO - Отклонение от исторического среднего: +35.0%
2025-12-18 16:49:35 - __main__ - INFO - ПРОГНОЗИРОВАНИЕ ЗАВЕРШЕНО УСПЕШНО
2025-12-18 16:49:35 - __main__ - INFO - ==================================================
2025-12-18 16:52:06 - root - INFO - Система логирования инициализирована
2025-12-18 16:52:15 - data_manager - INFO - Загрузка данных из /Users/nayeon/Documents/GitHub/DataPulse/data.csv
2025-12-18 16:52:15 - data_manager - INFO - Успешно загружено 40 записей
2025-12-18 16:52:15 - data_manager - INFO - Начало обработки данных
2025-12-18 16:52:15 - data_manager - INFO - Валидация данных пройдена успешно
2025-12-18 16:52:15 - data_manager - INFO - Обработка завершена. Итоговых записей: 40
2025-12-18 16:53:58 - data_manager - INFO - Загрузка данных из /Users/nayeon/Documents/GitHub/DataPulse/data.csv
2025-12-18 16:53:58 - data_manager - INFO - Успешно загружено 40 записей
2025-12-18 16:53:58 - data_manager - INFO - Начало обработки данных
2025-12-18 16:53:58 - data_manager - INFO - Валидация данных пройдена успешно
2025-12-18 16:53:58 - data_manager - INFO - Обработка завершена. Итоговых записей: 40
2025-12-18 16:54:08 - __main__ - INFO - ==================================================
2025-12-18 16:54:08 - __main__ - INFO - НАЧАЛО ПРОГНОЗИРОВАНИЯ
2025-12-18 16:54:08 - __main__ - INFO - Размер обучающих данных: 40
2025-12-18 16:54:08 - __main__ - INFO - Диапазон дат: 2024-01-01 00:00:00 - 2024-02-09 00:00:00
2025-12-18 16:54:08 - __main__ - INFO - Диапазон продаж: 236 - 2850
2025-12-18 16:54:08 - __main__ - INFO - Средние продажи: 1296
2025-12-18 16:54:08 - __main__ - INFO - Медиана продаж: 1343
2025-12-18 16:54:08 - __main__ - INFO - Последние 7 дней: 556 в среднем
2025-12-18 16:54:08 - __main__ - INFO - Тренд последних 7 дней: 205.25%
2025-12-18 16:54:08 - ml_engine - INFO - Используются последние 23 дней для обучения
2025-12-18 16:54:08 - ml_engine - INFO - Лучший alpha: 10.0
2025-12-18 16:54:08 - ml_engine - INFO - Средняя выручка: 555.82
2025-12-18 16:54:08 - ml_engine - INFO - MAE: 373.11 руб. (67.1%)
2025-12-18 16:54:08 - ml_engine - INFO - RMSE: 410.78 руб. (73.9%)
2025-12-18 16:54:08 - __main__ - INFO - РЕЗУЛЬТАТЫ ПРОГНОЗА:
2025-12-18 16:54:08 - __main__ - INFO - Прогнозируемые значения: ['395', '286', '61', '0', '0', '0', '0']
2025-12-18 16:54:08 - __main__ - INFO - Средний прогноз: 106
2025-12-18 16:54:08 - __main__ - INFO - Диапазон прогноза: 0 - 395
2025-12-18 16:54:08 - __main__ - INFO - ДЕТАЛЬНЫЙ АНАЛИЗ СОГЛАСОВАННОСТИ:
2025-12-18 16:54:08 - __main__ - INFO - История (30 дней): ср=1054, мед=804
2025-12-18 16:54:08 - __main__ - INFO - Прогноз (7 дней):  ср=106, мед=0
2025-12-18 16:54:08 - __main__ - INFO - Отклонение среднего: -89.9%
2025-12-18 16:54:08 - __main__ - INFO - Отклонение медианы: -100.0%
2025-12-18 16:54:08 - __main__ - INFO - Добавлены доверительные интервалы: ±15.0%
2025-12-18 16:54:08 - __main__ - INFO - Отклонение от исторического среднего: -89.9%
2025-12-18 16:54:08 - __main__ - INFO - ПРОГНОЗИРОВАНИЕ ЗАВЕРШЕНО УСПЕШНО
2025-12-18 16:54:08 - __main__ - INFO - ==================================================
2025-12-18 16:55:39 - data_manager - INFO - Загрузка данных из /Users/nayeon/Documents/GitHub/DataPulse/data.csv
2025-12-18 16:55:39 - data_manager - INFO - Успешно загружено 40 записей
2025-12-18 16:55:39 - data_manager - INFO - Начало обработки данных
2025-12-18 16:55:39 - data_manager - INFO - Валидация данных пройдена успешно
2025-12-18 16:55:39 - data_manager - INFO - Обработка завершена. Итоговых записей: 40
2025-12-18 16:55:42 - __main__ - INFO - ==================================================
2025-12-18 16:55:42 - __main__ - INFO - НАЧАЛО ПРОГНОЗИРОВАНИЯ
2025-12-18 16:55:42 - __main__ - INFO - Размер обучающих данных: 40
2025-12-18 16:55:42 - __main__ - INFO - Диапазон дат: 2024-01-01 00:00:00 - 2024-02-09 00:00:00
2025-12-18 16:55:42 - __main__ - INFO - Диапазон продаж: 1000 - 2278
2025-12-18 16:55:42 - __main__ - INFO - Средние продажи: 1636
2025-12-18 16:55:42 - __main__ - INFO - Медиана продаж: 1629
2025-12-18 16:55:42 - __main__ - INFO - Последние 7 дней: 2174 в среднем
2025-12-18 16:55:42 - __main__ - INFO - Тренд последних 7 дней: 10.11%
2025-12-18 16:55:42 - ml_engine - INFO - Используются последние 23 дней для обучения
2025-12-18 16:55:42 - ml_engine - INFO - Лучший alpha: 0.1
2025-12-18 16:55:42 - ml_engine - INFO - Средняя выручка: 2174.38
2025-12-18 16:55:42 - ml_engine - INFO - MAE: 10.16 руб. (0.5%)
2025-12-18 16:55:42 - ml_engine - INFO - RMSE: 12.19 руб. (0.6%)
2025-12-18 16:55:42 - __main__ - INFO - РЕЗУЛЬТАТЫ ПРОГНОЗА:
2025-12-18 16:55:42 - __main__ - INFO - Прогнозируемые значения: ['2256', '2271', '2276', '2282', '2291', '2297', '2303']
2025-12-18 16:55:42 - __main__ - INFO - Средний прогноз: 2282
2025-12-18 16:55:42 - __main__ - INFO - Диапазон прогноза: 2256 - 2303
2025-12-18 16:55:42 - __main__ - INFO - ДЕТАЛЬНЫЙ АНАЛИЗ СОГЛАСОВАННОСТИ:
2025-12-18 16:55:42 - __main__ - INFO - История (30 дней): ср=1795, мед=1788
2025-12-18 16:55:42 - __main__ - INFO - Прогноз (7 дней):  ср=2282, мед=2282
2025-12-18 16:55:42 - __main__ - INFO - Отклонение среднего: +27.1%
2025-12-18 16:55:42 - __main__ - INFO - Отклонение медианы: +27.6%
2025-12-18 16:55:42 - __main__ - INFO - Добавлены доверительные интервалы: ±15.0%
2025-12-18 16:55:42 - __main__ - INFO - Отклонение от исторического среднего: +27.1%
2025-12-18 16:55:42 - __main__ - INFO - ПРОГНОЗИРОВАНИЕ ЗАВЕРШЕНО УСПЕШНО
2025-12-18 16:55:42 - __main__ - INFO - ==================================================
2025-12-18 16:57:15 - data_manager - INFO - Загрузка данных из /Users/nayeon/Documents/GitHub/DataPulse/data.csv
2025-12-18 16:57:15 - data_manager - INFO - Успешно загружено 40 записей
2025-12-18 16:57:15 - data_manager - INFO - Начало обработки данных
2025-12-18 16:57:15 - data_manager - INFO - Валидация данных пройдена успешно
2025-12-18 16:57:15 - data_manager - INFO - Обработка завершена. Итоговых записей: 40
2025-12-18 16:57:18 - __main__ - INFO - ==================================================
2025-12-18 16:57:18 - __main__ - INFO - НАЧАЛО ПРОГНОЗИРОВАНИЯ
2025-12-18 16:57:18 - __main__ - INFO - Размер обучающих данных: 40
2025-12-18 16:57:18 - __main__ - INFO - Диапазон дат: 2024-01-01 00:00:00 - 2024-02-09 00:00:00
2025-12-18 16:57:18 - __main__ - INFO - Диапазон продаж: 1348 - 3000
2025-12-18 16:57:18 - __main__ - INFO - Средние продажи: 2139
2025-12-18 16:57:18 - __main__ - INFO - Медиана продаж: 2112
2025-12-18 16:57:18 - __main__ - INFO - Последние 7 дней: 1458 в среднем
2025-12-18 16:57:18 - __main__ - INFO - Тренд последних 7 дней: -12.75%
2025-12-18 16:57:18 - ml_engine - INFO - Используются последние 23 дней для обучения
2025-12-18 16:57:18 - ml_engine - INFO - Лучший alpha: 10.0
2025-12-18 16:57:18 - ml_engine - INFO - Средняя выручка: 1458.47
2025-12-18 16:57:18 - ml_engine - INFO - MAE: 31.67 руб. (2.2%)
2025-12-18 16:57:18 - ml_engine - INFO - RMSE: 34.43 руб. (2.4%)
2025-12-18 16:57:18 - __main__ - INFO - РЕЗУЛЬТАТЫ ПРОГНОЗА:
2025-12-18 16:57:18 - __main__ - INFO - Прогнозируемые значения: ['1349', '1325', '1308', '1288', '1269', '1250', '1230']
2025-12-18 16:57:18 - __main__ - INFO - Средний прогноз: 1288
2025-12-18 16:57:18 - __main__ - INFO - Диапазон прогноза: 1230 - 1349
2025-12-18 16:57:18 - __main__ - INFO - ДЕТАЛЬНЫЙ АНАЛИЗ СОГЛАСОВАННОСТИ:
2025-12-18 16:57:18 - __main__ - INFO - История (30 дней): ср=1921, мед=1897
2025-12-18 16:57:18 - __main__ - INFO - Прогноз (7 дней):  ср=1288, мед=1288
2025-12-18 16:57:18 - __main__ - INFO - Отклонение среднего: -33.0%
2025-12-18 16:57:18 - __main__ - INFO - Отклонение медианы: -32.1%
2025-12-18 16:57:18 - __main__ - INFO - Добавлены доверительные интервалы: ±15.0%
2025-12-18 16:57:18 - __main__ - INFO - Отклонение от исторического среднего: -33.0%
2025-12-18 16:57:18 - __main__ - INFO - ПРОГНОЗИРОВАНИЕ ЗАВЕРШЕНО УСПЕШНО
2025-12-18 16:57:18 - __main__ - INFO - ==================================================
2025-12-18 17:00:41 - data_manager - INFO - Загрузка данных из /Users/nayeon/Documents/GitHub/DataPulse/data.csv
2025-12-18 17:00:41 - data_manager - INFO - Успешно загружено 40 записей
2025-12-18 17:00:41 - data_manager - INFO - Начало обработки данных
2025-12-18 17:00:41 - data_manager - INFO - Валидация данных пройдена успешно
2025-12-18 17:00:41 - data_manager - INFO - Обработка завершена. Итоговых записей: 40
2025-12-18 17:00:44 - __main__ - INFO - ==================================================
2025-12-18 17:00:44 - __main__ - INFO - НАЧАЛО ПРОГНОЗИРОВАНИЯ
2025-12-18 17:00:44 - __main__ - INFO - Размер обучающих данных: 40
2025-12-18 17:00:44 - __main__ - INFO - Диапазон дат: 2024-01-01 00:00:00 - 2024-02-09 00:00:00
2025-12-18 17:00:44 - __main__ - INFO - Диапазон продаж: 523 - 5563
2025-12-18 17:00:44 - __main__ - INFO - Средние продажи: 1595
2025-12-18 17:00:44 - __main__ - INFO - Медиана продаж: 1028
2025-12-18 17:00:44 - __main__ - INFO - Последние 7 дней: 4253 в среднем
2025-12-18 17:00:44 - __main__ - INFO - Тренд последних 7 дней: 83.18%
2025-12-18 17:00:44 - ml_engine - INFO - Используются последние 23 дней для обучения
2025-12-18 17:00:44 - ml_engine - INFO - Лучший alpha: 0.1
2025-12-18 17:00:44 - ml_engine - INFO - Средняя выручка: 4252.91
2025-12-18 17:00:44 - ml_engine - INFO - MAE: 206.59 руб. (4.9%)
2025-12-18 17:00:44 - ml_engine - INFO - RMSE: 235.25 руб. (5.5%)
2025-12-18 17:00:44 - __main__ - INFO - РЕЗУЛЬТАТЫ ПРОГНОЗА:
2025-12-18 17:00:44 - __main__ - INFO - Прогнозируемые значения: ['6497', '7248', '8142', '9082', '10104', '11217', '12431']
2025-12-18 17:00:44 - __main__ - INFO - Средний прогноз: 9246
2025-12-18 17:00:44 - __main__ - INFO - Диапазон прогноза: 6497 - 12431
2025-12-18 17:00:44 - __main__ - INFO - ДЕТАЛЬНЫЙ АНАЛИЗ СОГЛАСОВАННОСТИ:
2025-12-18 17:00:44 - __main__ - INFO - История (30 дней): ср=1779, мед=956
2025-12-18 17:00:44 - __main__ - INFO - Прогноз (7 дней):  ср=9246, мед=9082
2025-12-18 17:00:44 - __main__ - INFO - Отклонение среднего: +419.9%
2025-12-18 17:00:44 - __main__ - INFO - Отклонение медианы: +849.5%
2025-12-18 17:00:44 - __main__ - INFO - Добавлены доверительные интервалы: ±15.0%
2025-12-18 17:00:44 - __main__ - INFO - Отклонение от исторического среднего: +419.9%
2025-12-18 17:00:44 - __main__ - INFO - ПРОГНОЗИРОВАНИЕ ЗАВЕРШЕНО УСПЕШНО
2025-12-18 17:00:44 - __main__ - INFO - ==================================================
